C51 COMPILER V9.55   HAI                                                                   01/01/2019 20:52:44 PAGE 1   


C51 COMPILER V9.55, COMPILATION OF MODULE HAI
OBJECT MODULE PLACED IN .\Objects\hai.obj
COMPILER INVOKED BY: C:\Keil_v5\C51\BIN\C51.EXE hai.c OPTIMIZE(8,SPEED) BROWSE DEBUG OBJECTEXTEND PRINT(.\Listings\hai.l
                    -st) TABS(2) OBJECT(.\Objects\hai.obj)

line level    source

   1          #include<reg51.h>           //头文件
   2          #include<intrins.h>
   3          #define uchar unsigned char
   4          #define uint unsigned int
   5          sbit P10=P1^0;              //端口定义
   6          sbit P11=P1^1;
   7          uchar code DSY_CODE[]={0xc0,0xf9,0xa4,0xb0,0x99,0x92,0x82,0xf8,0x80,0x90,0xff};
   8          //延时
   9          void DelayMS(uint x)
  10          {
  11   1        uchar t;
  12   1        while(x--)for(t=0;t<120;t++);
  13   1      }
  14          //主程序
  15          void main()
  16          {
  17   1        uchar i=0;
  18   1        uchar j;
  19   1        P0=0x00;
  20   1        while(1)
  21   1        {
  22   2          i = i+1;
  23   2          if (i>99)
  24   2          i = 0;
  25   2          for(j=0;j<50;j++)
  26   2        {   
  27   3        P10=0;
  28   3        P11=1;
  29   3        P0 = DSY_CODE[i/10];     //下载到单片机不需要取反符号
  30   3        DelayMS(5);
  31   3      
  32   3        P10=1;
  33   3        P11=0;
  34   3        P0 = DSY_CODE[i%10];
  35   3        DelayMS(5);
  36   3        
  37   3        
  38   3        }
  39   2        }
  40   1      }


MODULE INFORMATION:   STATIC OVERLAYABLE
   CODE SIZE        =     82    ----
   CONSTANT SIZE    =     11    ----
   XDATA SIZE       =   ----    ----
   PDATA SIZE       =   ----    ----
   DATA SIZE        =   ----    ----
   IDATA SIZE       =   ----    ----
   BIT SIZE         =   ----    ----
END OF MODULE INFORMATION.


C51 COMPILATION COMPLETE.  0 WARNING(S),  0 ERROR(S)
