C51 COMPILER V9.54   HAI                                                                   01/01/2019 19:04:16 PAGE 1   


C51 COMPILER V9.54, COMPILATION OF MODULE HAI
OBJECT MODULE PLACED IN .\Objects\hai.obj
COMPILER INVOKED BY: C:\Keil_v5\C51\BIN\C51.EXE hai.c OPTIMIZE(8,SPEED) BROWSE DEBUG OBJECTEXTEND PRINT(.\Listings\hai.l
                    -st) TABS(2) OBJECT(.\Objects\hai.obj)

line level    source

   1          #include <reg52.h>
   2          #include <intrins.h>    //包含移位函数
   3          #define uint unsigned int   //宏定义
   4          #define uchar unsigned char
   5          sbit S1=P3^7;       //定义S1变量
   6          void delay(uint);
   7          uchar temp;
   8          
   9            void main()
  10            {     
  11   1              temp=0xfe;      //初始化
  12   1              P2=temp;
  13   1      
  14   1            while(1)
  15   1            { 
  16   2              if(S1==0)   //判断是否按下
  17   2              { 
  18   3                  delay(10);            
  19   3                  if(S1==0)   //再次判断是否按下
  20   3                  {
  21   4                      temp=_crol_(temp,1);//右移
  22   4                      delay(100); //延时
  23   4                      P2=temp;    //重新赋值
  24   4      
  25   4                       while(!S1);    //消抖
  26   4                       delay(5);
  27   4                       while(!S1);
  28   4                  }
  29   3              }     
  30   2            }
  31   1        }
  32          
  33           void delay(uint z)     //延时程序
  34           {
  35   1          uint x,y;
  36   1          for(x=200;x>0;x--)
  37   1          {
  38   2              for(y=z;y>0;y--);
  39   2          }
  40   1      
  41   1      
  42   1       }


MODULE INFORMATION:   STATIC OVERLAYABLE
   CODE SIZE        =     91    ----
   CONSTANT SIZE    =   ----    ----
   XDATA SIZE       =   ----    ----
   PDATA SIZE       =   ----    ----
   DATA SIZE        =      1    ----
   IDATA SIZE       =   ----    ----
   BIT SIZE         =   ----    ----
END OF MODULE INFORMATION.


C51 COMPILATION COMPLETE.  0 WARNING(S),  0 ERROR(S)
