BL51 BANKED LINKER/LOCATER V6.22                                                        12/09/2018  10:21:10  PAGE 1


BL51 BANKED LINKER/LOCATER V6.22, INVOKED BY:
C:\KEIL_V5\C51\BIN\BL51.EXE .\Objects\timer.obj TO .\Objects\test_51timer PRINT (.\Listings\test_51timer.m51) RAMSIZE (2
>> 56)


MEMORY MODEL: SMALL


INPUT MODULES INCLUDED:
  .\Objects\timer.obj (TIMER)
  C:\KEIL_V5\C51\LIB\C51S.LIB (?C_STARTUP)
  C:\KEIL_V5\C51\LIB\C51S.LIB (?C_INIT)


LINK MAP OF MODULE:  .\Objects\test_51timer (TIMER)


            TYPE    BASE      LENGTH    RELOCATION   SEGMENT NAME
            -----------------------------------------------------

            * * * * * * *   D A T A   M E M O R Y   * * * * * * *
            REG     0000H     0008H     ABSOLUTE     "REG BANK 0"
            DATA    0008H     0002H     UNIT         ?DT?TIMER
            IDATA   000AH     0001H     UNIT         ?STACK

            * * * * * * *   C O D E   M E M O R Y   * * * * * * *
            CODE    0000H     0003H     ABSOLUTE     
            CODE    0003H     0003H     ABSOLUTE     
                    0006H     07FAH                  *** GAP ***
            CODE    0800H     008CH     UNIT         ?C_C51STARTUP
            CODE    088CH     0013H     UNIT         ?PR?TIMER?TIMER
            CODE    089FH     0013H     UNIT         ?PR?MAIN?TIMER
            CODE    08B2H     0010H     UNIT         ?PR?INIT?TIMER
            CODE    08C2H     0005H     UNIT         ?C_INITSEG



OVERLAY MAP OF MODULE:   .\Objects\test_51timer (TIMER)


SEGMENT
  +--> CALLED SEGMENT
---------------------
?C_C51STARTUP
  +--> ?PR?MAIN?TIMER
  +--> ?C_INITSEG

?PR?MAIN?TIMER
  +--> ?PR?INIT?TIMER



SYMBOL TABLE OF MODULE:  .\Objects\test_51timer (TIMER)

  VALUE           TYPE          NAME
  ----------------------------------

  -------         MODULE        TIMER
BL51 BANKED LINKER/LOCATER V6.22                                                      12/09/2018  10:21:10  PAGE 2


  C:0000H         SYMBOL        _ICE_DUMMY_
  D:0090H         PUBLIC        P1
  D:00A0H         PUBLIC        P2
  D:00B0H         PUBLIC        P3
  B:00A8H.7       PUBLIC        EA
  D:0008H         PUBLIC        number
  D:00A8H         PUBLIC        IE
  D:00B8H         PUBLIC        IP
  C:088CH         PUBLIC        timer
  C:089FH         PUBLIC        main
  D:0098H         PUBLIC        SCON
  D:0089H         PUBLIC        TMOD
  D:0088H         PUBLIC        TCON
  C:08B2H         PUBLIC        init
  B:00A0H.7       PUBLIC        led
  B:00A8H.1       PUBLIC        ET0
  D:008CH         PUBLIC        TH0
  D:008AH         PUBLIC        TL0
  B:0088H.4       PUBLIC        TR0
  D:00C8H         PUBLIC        T2CON
  D:00D0H         PUBLIC        PSW
  -------         PROC          TIMER
  C:088CH         LINE#         10
  C:088EH         LINE#         12
  C:0891H         LINE#         13
  C:0894H         LINE#         14
  C:089CH         LINE#         15
  -------         ENDPROC       TIMER
  -------         PROC          INIT
  C:08B2H         LINE#         17
  C:08B2H         LINE#         18
  C:08B2H         LINE#         19
  C:08B5H         LINE#         20
  C:08B8H         LINE#         21
  C:08BBH         LINE#         22
  C:08BDH         LINE#         23
  C:08BFH         LINE#         24
  C:08C1H         LINE#         25
  -------         ENDPROC       INIT
  -------         PROC          MAIN
  C:089FH         LINE#         27
  C:089FH         LINE#         28
  C:089FH         LINE#         29
  C:08A2H         LINE#         30
  C:08A2H         LINE#         31
  C:08A2H         LINE#         32
  C:08AAH         LINE#         33
  C:08AAH         LINE#         34
  C:08AEH         LINE#         35
  C:08B0H         LINE#         36
  C:08B0H         LINE#         37
  -------         ENDPROC       MAIN
  -------         ENDMOD        TIMER

******************************************************************************
* RESTRICTED VERSION WITH 0800H BYTE CODE SIZE LIMIT; USED: 003DH BYTE ( 2%) *
******************************************************************************
BL51 BANKED LINKER/LOCATER V6.22                                                      12/09/2018  10:21:10  PAGE 3



Program Size: data=11.0 xdata=0 code=205
LINK/LOCATE RUN COMPLETE.  0 WARNING(S),  0 ERROR(S)
