C51 COMPILER V9.54   TIMER                                                                 12/09/2018 10:21:10 PAGE 1   


C51 COMPILER V9.54, COMPILATION OF MODULE TIMER
OBJECT MODULE PLACED IN .\Objects\timer.obj
COMPILER INVOKED BY: C:\Keil_v5\C51\BIN\C51.EXE timer.c OPTIMIZE(8,SPEED) BROWSE DEBUG OBJECTEXTEND PRINT(.\Listings\tim
                    -er.lst) TABS(2) OBJECT(.\Objects\timer.obj)

line level    source

   1          #include"reg52.h"
   2          #define uchar unsigned char
   3          #define uint unsigned int
   4          
   5          sbit led = P2^7;
   6          sbit button = P3^7;
   7          
   8          uint number = 0;
   9          
  10          void timer() interrupt 0
  11          {
  12   1        TH0 = (65536 - 15536)/256;
  13   1        TL0 = (65536 - 15536)%256;
  14   1        number++;
  15   1      }
  16          
  17          void init()
  18          {
  19   1        TMOD = 0x01;
  20   1        TH0 = (65536 - 15536)/256;
  21   1        TL0 = (65536 - 15536)%256;
  22   1        EA = 1;
  23   1        ET0 = 1;
  24   1        TR0 = 1;
  25   1      }
  26          
  27          void main()
  28          {
  29   1        init();
  30   1        while(1)
  31   1        {
  32   2          if(number == 20)
  33   2          {
  34   3            number = 0;
  35   3            led = ~led;
  36   3          }
  37   2        }
  38   1      }


MODULE INFORMATION:   STATIC OVERLAYABLE
   CODE SIZE        =     54    ----
   CONSTANT SIZE    =   ----    ----
   XDATA SIZE       =   ----    ----
   PDATA SIZE       =   ----    ----
   DATA SIZE        =      2    ----
   IDATA SIZE       =   ----    ----
   BIT SIZE         =   ----    ----
END OF MODULE INFORMATION.


C51 COMPILATION COMPLETE.  0 WARNING(S),  0 ERROR(S)
