<html>
<body>
<pre>
<h1>礦ision Build Log</h1>
<h2>Tool Versions:</h2>
IDE-Version: μVision V5.14.0.0
Copyright (C) 2015 ARM Ltd and ARM Germany GmbH. All rights reserved.
License Information: Microsoft, Microsoft, LIC=W9645-GGM9X-JNCA8-3P610-YESB1-8JHPL
 
Tool Versions:
Toolchain:       MDK-ARM Professional  Version: 5.14.0.0
Toolchain Path:  D:\Program Files (x86)\KEIL5\ARM\ARMCC\Bin
C Compiler:      Armcc.exe V5.05 update 1 (build 106)
Assembler:       Armasm.exe V5.05 update 1 (build 106)
Linker/Locator:  ArmLink.exe V5.05 update 1 (build 106)
Library Manager: ArmAr.exe V5.05 update 1 (build 106)
Hex Converter:   FromElf.exe V5.05 update 1 (build 106)
CPU DLL:         SARMCM3.DLL V5.14.0.0
Dialog DLL:      DCM.DLL V1.13.1.0
Target DLL:      CMSIS_AGDI.dll V1.21.0.0
Dialog DLL:      TCM.DLL V1.14.4.0
 
<h2>Project:</h2>
E:\keilworkspace\俞文文红外\PZ6806L-STM32F1综合测试程序应用\PZ6806L-STM32F1综合测试程序--裸机\Template.uvprojx
Project File Date:  12/05/2018

<h2>Output:</h2>
Build target 'Target 1'
compiling main.c...
User\main.c(332): warning:  #223-D: function "UnderarmPosPlan" declared implicitly
        UnderarmPosPlan(0);
User\main.c(595): warning:  #177-D: variable "start" was declared but never referenced
        u8 start=0;
User\main.c: 2 warnings, 0 errors
compiling hwjs.c...
APP\hwjs\hwjs.c(11): warning:  #1295-D: Deprecated declaration UnderarmPos - give arg types
  extern void UnderarmPos();
APP\hwjs\hwjs.c(12): warning:  #1295-D: Deprecated declaration UpPos - give arg types
  extern void UpPos();
APP\hwjs\hwjs.c(128): warning:  #177-D: variable "i" was declared but never referenced
        int i=0;
APP\hwjs\hwjs.c(197): warning:  #177-D: variable "dat" was declared but never referenced
        u8 dat[4],irdisp[9];
APP\hwjs\hwjs.c(197): warning:  #177-D: variable "irdisp" was declared but never referenced
        u8 dat[4],irdisp[9];
APP\hwjs\hwjs.c(198): warning:  #177-D: variable "num" was declared but never referenced
        u8 num[16]="0123456789ABCDEF";
APP\hwjs\hwjs.c(199): warning:  #177-D: variable "i" was declared but never referenced
        int i;
APP\hwjs\hwjs.c: 7 warnings, 0 errors
linking...
Program Size: Code=22098 RO-data=8246 RW-data=1036 ZI-data=1047444  
FromELF: creating hex file...
".\Obj\Template.axf" - 0 Error(s), 9 Warning(s).

<h2>Collection of Component include folders:</h2>
  E:\keilworkspace\俞文文红外\PZ6806L-STM32F1综合测试程序应用\PZ6806L-STM32F1综合测试程序--裸机\RTE
  D:\Program Files (x86)\KEIL5\ARM\PACK\Keil\STM32F1xx_DFP\1.0.5\Device\Include

<h2>Collection of Component Files used:</h2>
</pre>
</body>
</html>
