Component: ARM Compiler 5.05 update 1 (build 106) Tool: armlink [4d0efa]

==============================================================================

Section Cross References

    main.o(i.LCD_DisplayWindows) refers to tftlcd.o(i.LCD_Clear) for LCD_Clear
    main.o(i.LCD_DisplayWindows) refers to tftlcd.o(i.LCD_ShowPicture) for LCD_ShowPicture
    main.o(i.LCD_DisplayWindows) refers to gui.o(i.LCD_ShowStringTrans) for LCD_ShowStringTrans
    main.o(i.LCD_DisplayWindows) refers to main.o(.constdata) for gImage_led
    main.o(i.LCD_DisplayWindows) refers to gui.o(.data) for ICON_SIZE
    main.o(i.UnderarmPos) refers to invers_kinematic.o(i.UnderarmPosPlan) for UnderarmPosPlan
    main.o(i.UnderarmPos) refers to dflt_clz.o(x$fpl$dflt) for __aeabi_i2d
    main.o(i.UnderarmPos) refers to ddiv.o(x$fpl$ddiv) for __aeabi_ddiv
    main.o(i.UnderarmPos) refers to d2f.o(x$fpl$d2f) for __aeabi_d2f
    main.o(i.UnderarmPos) refers to f2d.o(x$fpl$f2d) for __aeabi_f2d
    main.o(i.UnderarmPos) refers to dfixu.o(x$fpl$dfixu) for __aeabi_d2uiz
    main.o(i.UnderarmPos) refers to smscl.o(i.RegWritePos) for RegWritePos
    main.o(i.UnderarmPos) refers to smscl.o(i.RegWriteAction) for RegWriteAction
    main.o(i.UnderarmPos) refers to wiring.o(i.delay) for delay
    main.o(i.UnderarmPos) refers to invers_kinematic.o(.bss) for posi_now
    main.o(i.UpPos) refers to invers_kinematic.o(i.UpPlan) for UpPlan
    main.o(i.UpPos) refers to dflt_clz.o(x$fpl$dflt) for __aeabi_i2d
    main.o(i.UpPos) refers to ddiv.o(x$fpl$ddiv) for __aeabi_ddiv
    main.o(i.UpPos) refers to d2f.o(x$fpl$d2f) for __aeabi_d2f
    main.o(i.UpPos) refers to f2d.o(x$fpl$f2d) for __aeabi_f2d
    main.o(i.UpPos) refers to dfixu.o(x$fpl$dfixu) for __aeabi_d2uiz
    main.o(i.UpPos) refers to smscl.o(i.RegWritePos) for RegWritePos
    main.o(i.UpPos) refers to smscl.o(i.RegWriteAction) for RegWriteAction
    main.o(i.UpPos) refers to wiring.o(i.delay) for delay
    main.o(i.UpPos) refers to invers_kinematic.o(.bss) for posi_now
    main.o(i.after) refers to smscl.o(i.SyncWritePos) for SyncWritePos
    main.o(i.after) refers to main.o(.data) for ID
    main.o(i.before) refers to smscl.o(i.SyncWritePos) for SyncWritePos
    main.o(i.before) refers to main.o(.data) for ID
    main.o(i.initPos) refers to invers_kinematic.o(i.initial_traj_plan) for initial_traj_plan
    main.o(i.initPos) refers to smscl.o(i.RegWritePos) for RegWritePos
    main.o(i.initPos) refers to smscl.o(i.RegWriteAction) for RegWriteAction
    main.o(i.initPos) refers to wiring.o(i.delay) for delay
    main.o(i.initPos) refers to invers_kinematic.o(.bss) for posi_now
    main.o(i.initSys) refers to stm32f10x_rcc.o(i.RCC_APB2PeriphClockCmd) for RCC_APB2PeriphClockCmd
    main.o(i.initSys) refers to stm32f10x_rcc.o(i.RCC_APB1PeriphClockCmd) for RCC_APB1PeriphClockCmd
    main.o(i.initSys) refers to stm32f10x_rcc.o(i.RCC_AHBPeriphClockCmd) for RCC_AHBPeriphClockCmd
    main.o(i.initSys) refers to misc.o(i.NVIC_PriorityGroupConfig) for NVIC_PriorityGroupConfig
    main.o(i.initSys) refers to system_stm32f10x.o(.data) for SystemCoreClock
    main.o(i.left_swing) refers to invers_kinematic.o(i.first_traj_plan) for first_traj_plan
    main.o(i.left_swing) refers to dflt_clz.o(x$fpl$dflt) for __aeabi_i2d
    main.o(i.left_swing) refers to ddiv.o(x$fpl$ddiv) for __aeabi_ddiv
    main.o(i.left_swing) refers to dfixu.o(x$fpl$dfixu) for __aeabi_d2uiz
    main.o(i.left_swing) refers to smscl.o(i.SyncWritePos) for SyncWritePos
    main.o(i.left_swing) refers to wiring.o(i.delay) for delay
    main.o(i.left_swing) refers to invers_kinematic.o(.bss) for posi_now
    main.o(i.left_swing) refers to main.o(.data) for ID
    main.o(i.main) refers to main.o(i.initSys) for initSys
    main.o(i.main) refers to main.o(i.setup) for setup
    main.o(i.main) refers to main.o(i.initPos) for initPos
    main.o(i.main) refers to systick.o(i.SysTick_Init) for SysTick_Init
    main.o(i.main) refers to hwjs.o(i.IRED_Test) for IRED_Test
    main.o(i.main) refers to main.o(i.UnderarmPos) for UnderarmPos
    main.o(i.main) refers to main.o(i.UpPos) for UpPos
    main.o(i.right_swing) refers to invers_kinematic.o(i.second_traj_plan) for second_traj_plan
    main.o(i.right_swing) refers to dflt_clz.o(x$fpl$dflt) for __aeabi_i2d
    main.o(i.right_swing) refers to ddiv.o(x$fpl$ddiv) for __aeabi_ddiv
    main.o(i.right_swing) refers to dfixu.o(x$fpl$dfixu) for __aeabi_d2uiz
    main.o(i.right_swing) refers to smscl.o(i.SyncWritePos) for SyncWritePos
    main.o(i.right_swing) refers to wiring.o(i.delay) for delay
    main.o(i.right_swing) refers to invers_kinematic.o(.bss) for posi_now
    main.o(i.right_swing) refers to main.o(.data) for ID
    main.o(i.setup) refers to uart.o(i.Uart_Init) for Uart_Init
    main.o(i.setup) refers to wiring.o(i.delay) for delay
    main.o(i.setup) refers to main.o(.data) for ID
    main.o(i.start) refers to invers_kinematic.o(i.initial_traj_plan) for initial_traj_plan
[...]
    i.GPIO_ReadInputDataBit                  0x08000896   Section        0  stm32f10x_gpio.o(i.GPIO_ReadInputDataBit)
    i.HW_jssj                                0x080008a8   Section        0  hwjs.o(i.HW_jssj)
    i.HardFault_Handler                      0x080008d8   Section        0  stm32f10x_it.o(i.HardFault_Handler)
    i.Host2SCS                               0x080008dc   Section        0  sms.o(i.Host2SCS)
    i.Hwjs_Init                              0x080008f8   Section        0  hwjs.o(i.Hwjs_Init)
    i.Hwjs_Init_close                        0x0800096c   Section        0  hwjs.o(i.Hwjs_Init_close)
    i.IRED_Test                              0x080009e0   Section        0  hwjs.o(i.IRED_Test)
    i.Is_Leap_Year                           0x08000a7c   Section        0  rtc.o(i.Is_Leap_Year)
    i.LCD_DrawFRONT_COLOR                    0x08000ab6   Section        0  tftlcd.o(i.LCD_DrawFRONT_COLOR)
    i.LCD_Set_Window                         0x08000ad4   Section        0  tftlcd.o(i.LCD_Set_Window)
    i.LCD_ShowChar                           0x08000b98   Section        0  tftlcd.o(i.LCD_ShowChar)
    i.LCD_ShowString                         0x08000cc0   Section        0  tftlcd.o(i.LCD_ShowString)
    i.LCD_WriteCmd                           0x08000d28   Section        0  tftlcd.o(i.LCD_WriteCmd)
    i.LCD_WriteData                          0x08000d34   Section        0  tftlcd.o(i.LCD_WriteData)
    i.LCD_WriteData_Color                    0x08000d40   Section        0  tftlcd.o(i.LCD_WriteData_Color)
    i.MemManage_Handler                      0x08000d4c   Section        0  stm32f10x_it.o(i.MemManage_Handler)
    i.NMI_Handler                            0x08000d50   Section        0  stm32f10x_it.o(i.NMI_Handler)
    i.NVIC_Init                              0x08000d54   Section        0  misc.o(i.NVIC_Init)
    i.NVIC_PriorityGroupConfig               0x08000dc4   Section        0  misc.o(i.NVIC_PriorityGroupConfig)
    i.PendSV_Handler                         0x08000dd8   Section        0  stm32f10x_it.o(i.PendSV_Handler)
    i.RCC_AHBPeriphClockCmd                  0x08000ddc   Section        0  stm32f10x_rcc.o(i.RCC_AHBPeriphClockCmd)
    i.RCC_APB1PeriphClockCmd                 0x08000dfc   Section        0  stm32f10x_rcc.o(i.RCC_APB1PeriphClockCmd)
    i.RCC_APB2PeriphClockCmd                 0x08000e1c   Section        0  stm32f10x_rcc.o(i.RCC_APB2PeriphClockCmd)
    i.RCC_GetClocksFreq                      0x08000e3c   Section        0  stm32f10x_rcc.o(i.RCC_GetClocksFreq)
    i.RTC_ClearITPendingBit                  0x08000f10   Section        0  stm32f10x_rtc.o(i.RTC_ClearITPendingBit)
    i.RTC_Get                                0x08000f20   Section        0  rtc.o(i.RTC_Get)
    i.RTC_GetCounter                         0x08001020   Section        0  stm32f10x_rtc.o(i.RTC_GetCounter)
    i.RTC_GetITStatus                        0x08001034   Section        0  stm32f10x_rtc.o(i.RTC_GetITStatus)
    i.RTC_Get_Week                           0x08001058   Section        0  rtc.o(i.RTC_Get_Week)
    i.RTC_IRQHandler                         0x080010d0   Section        0  rtc.o(i.RTC_IRQHandler)
    i.RTC_WaitForLastTask                    0x080011d8   Section        0  stm32f10x_rtc.o(i.RTC_WaitForLastTask)
    i.RegWriteAction                         0x080011ec   Section        0  smscl.o(i.RegWriteAction)
    i.RegWritePos                            0x08001200   Section        0  smscl.o(i.RegWritePos)
    i.SVC_Handler                            0x0800122a   Section        0  stm32f10x_it.o(i.SVC_Handler)
    i.SetSysClock                            0x0800122c   Section        0  system_stm32f10x.o(i.SetSysClock)
    SetSysClock                              0x0800122d   Thumb Code     8  system_stm32f10x.o(i.SetSysClock)
    i.SetSysClockTo72                        0x08001234   Section        0  system_stm32f10x.o(i.SetSysClockTo72)
    SetSysClockTo72                          0x08001235   Thumb Code   214  system_stm32f10x.o(i.SetSysClockTo72)
    i.SysTick_CLKSourceConfig                0x08001314   Section        0  misc.o(i.SysTick_CLKSourceConfig)
    i.SysTick_Handler                        0x0800133c   Section        0  wiring.o(i.SysTick_Handler)
    i.SysTick_Init                           0x0800135c   Section        0  systick.o(i.SysTick_Init)
    i.SystemInit                             0x08001398   Section        0  system_stm32f10x.o(i.SystemInit)
    i.TIM4_IRQHandler                        0x080013f8   Section        0  time.o(i.TIM4_IRQHandler)
    i.TIM5_IRQHandler                        0x08001410   Section        0  time.o(i.TIM5_IRQHandler)
    i.TIM6_IRQHandler                        0x08001430   Section        0  time.o(i.TIM6_IRQHandler)
    i.TIM_ClearITPendingBit                  0x08001458   Section        0  stm32f10x_tim.o(i.TIM_ClearITPendingBit)
    i.TIM_GetITStatus                        0x0800145e   Section        0  stm32f10x_tim.o(i.TIM_GetITStatus)
    i.USART1_IRQHandler                      0x08001480   Section        0  usart.o(i.USART1_IRQHandler)
    i.USART2_IRQHandler                      0x080014bc   Section        0  uart.o(i.USART2_IRQHandler)
    i.USART3_IRQHandler                      0x080014ec   Section        0  usart.o(i.USART3_IRQHandler)
    i.USART_ClearFlag                        0x08001574   Section        0  stm32f10x_usart.o(i.USART_ClearFlag)
    i.USART_Cmd                              0x08001586   Section        0  stm32f10x_usart.o(i.USART_Cmd)
    i.USART_DMACmd                           0x0800159e   Section        0  stm32f10x_usart.o(i.USART_DMACmd)
    i.USART_GetFlagStatus                    0x080015b0   Section        0  stm32f10x_usart.o(i.USART_GetFlagStatus)
    i.USART_GetITStatus                      0x080015ca   Section        0  stm32f10x_usart.o(i.USART_GetITStatus)
    i.USART_ITConfig                         0x0800161e   Section        0  stm32f10x_usart.o(i.USART_ITConfig)
    i.USART_Init                             0x08001668   Section        0  stm32f10x_usart.o(i.USART_Init)
    i.USART_ReceiveData                      0x08001740   Section        0  stm32f10x_usart.o(i.USART_ReceiveData)
    i.USART_SendData                         0x0800174a   Section        0  stm32f10x_usart.o(i.USART_SendData)
    i.Uart_DmaSend                           0x08001754   Section        0  uart.o(i.Uart_DmaSend)
    i.Uart_Flush                             0x080017ac   Section        0  uart.o(i.Uart_Flush)
    i.Uart_Init                              0x080017c0   Section        0  uart.o(i.Uart_Init)
    i.Uart_Read                              0x080018a4   Section        0  uart.o(i.Uart_Read)
    i.UnderarmPos                            0x080018e4   Section        0  main.o(i.UnderarmPos)
    i.UnderarmPosPlan                        0x080019ac   Section        0  invers_kinematic.o(i.UnderarmPosPlan)
    i.UpPlan                                 0x08001b60   Section        0  invers_kinematic.o(i.UpPlan)
    i.UpPos                                  0x08001d14   Section        0  main.o(i.UpPos)
    i.UsageFault_Handler                     0x08001ddc   Section        0  stm32f10x_it.o(i.UsageFault_Handler)
    i.__ARM_fpclassify                       0x08001de0   Section        0  fpclassify.o(i.__ARM_fpclassify)
    i.__ieee754_rem_pio2                     0x08001e08   Section        0  rred.o(i.__ieee754_rem_pio2)
    i.__kernel_cos                           0x08002190   Section        0  cos_i.o(i.__kernel_cos)
    i.__kernel_poly                          0x0800228c   Section        0  poly.o(i.__kernel_poly)
    i.__kernel_sin                           0x08002338   Section        0  sin_i.o(i.__kernel_sin)
    i.__mathlib_dbl_divzero                  0x08002424   Section        0  dunder.o(i.__mathlib_dbl_divzero)
    i.__mathlib_dbl_infnan                   0x08002434   Section        0  dunder.o(i.__mathlib_dbl_infnan)
    i.__mathlib_dbl_infnan2                  0x0800243a   Section        0  dunder.o(i.__mathlib_dbl_infnan2)
    i.__mathlib_dbl_invalid                  0x0800243e   Section        0  dunder.o(i.__mathlib_dbl_invalid)
    i.__mathlib_dbl_overflow                 0x0800244a   Section        0  dunder.o(i.__mathlib_dbl_overflow)
    i.__mathlib_dbl_underflow                0x08002458   Section        0  dunder.o(i.__mathlib_dbl_underflow)
    i._is_digit                              0x08002468   Section        0  __printf_wp.o(i._is_digit)
    i.acos                                   0x08002478   Section        0  acos.o(i.acos)
    i.angle2posi                             0x080026f4   Section        0  invers_kinematic.o(i.angle2posi)
    i.asin                                   0x08002780   Section        0  asin.o(i.asin)
    i.atan                                   0x080029f0   Section        0  atan.o(i.atan)
    i.atan2                                  0x08002c10   Section        0  atan2.o(i.atan2)
    i.cos                                    0x08002d90   Section        0  cos.o(i.cos)
    i.delay                                  0x08002e2c   Section        0  wiring.o(i.delay)
    i.delay_us                               0x08002e44   Section        0  systick.o(i.delay_us)
    i.fkine                                  0x08002e90   Section        0  invers_kinematic.o(i.fkine)
    i.flushSCS                               0x080031e8   Section        0  smserail.o(i.flushSCS)
    i.ikine                                  0x080031f0   Section        0  invers_kinematic.o(i.ikine)
    i.initPos                                0x08003660   Section        0  main.o(i.initPos)
    i.initSys                                0x0800373c   Section        0  main.o(i.initSys)
    i.initial_traj_plan                      0x080037d4   Section        0  invers_kinematic.o(i.initial_traj_plan)
    i.main                                   0x08003998   Section        0  main.o(i.main)
    i.millis                                 0x080039bc   Section        0  wiring.o(i.millis)
    i.pow                                    0x080039c8   Section        0  pow.o(i.pow)
    i.readSCS                                0x08004380   Section        0  smserail.o(i.readSCS)
    i.setup                                  0x080043d0   Section        0  main.o(i.setup)
    i.sin                                    0x080043f0   Section        0  sin.o(i.sin)
    i.sqrt                                   0x08004490   Section        0  sqrt.o(i.sqrt)
    i.writeBuf                               0x080044dc   Section        0  sms.o(i.writeBuf)
    i.writePos                               0x0800456e   Section        0  smscl.o(i.writePos)
    i.writeSCS                               0x080045c0   Section        0  smserail.o(i.writeSCS)
    x$fpl$d2f                                0x080045d4   Section       98  d2f.o(x$fpl$d2f)
    x$fpl$dadd                               0x08004638   Section      336  daddsub_clz.o(x$fpl$dadd)
    _dadd1                                   0x08004649   Thumb Code     0  daddsub_clz.o(x$fpl$dadd)
    x$fpl$dcheck1                            0x08004788   Section       16  dcheck1.o(x$fpl$dcheck1)
    x$fpl$dcmpinf                            0x08004798   Section       24  dcmpi.o(x$fpl$dcmpinf)
    x$fpl$ddiv                               0x080047b0   Section      688  ddiv.o(x$fpl$ddiv)
    ddiv_entry                               0x080047b7   Thumb Code     0  ddiv.o(x$fpl$ddiv)
    x$fpl$dfix                               0x08004a60   Section       94  dfix.o(x$fpl$dfix)
    x$fpl$dfixu                              0x08004ac0   Section       90  dfixu.o(x$fpl$dfixu)
    x$fpl$dflt                               0x08004b1a   Section       46  dflt_clz.o(x$fpl$dflt)
    x$fpl$dfltu                              0x08004b48   Section       38  dflt_clz.o(x$fpl$dfltu)
    x$fpl$dleqf                              0x08004b70   Section      120  dleqf.o(x$fpl$dleqf)
    x$fpl$dmul                               0x08004be8   Section      340  dmul.o(x$fpl$dmul)
    x$fpl$dnaninf                            0x08004d3c   Section      156  dnaninf.o(x$fpl$dnaninf)
    x$fpl$dretinf                            0x08004dd8   Section       12  dretinf.o(x$fpl$dretinf)
    x$fpl$drleqf                             0x08004de4   Section      108  drleqf.o(x$fpl$drleqf)
    x$fpl$drsb                               0x08004e50   Section       22  daddsub_clz.o(x$fpl$drsb)
    x$fpl$dsqrt                              0x08004e68   Section      460  dsqrt_noumaal.o(x$fpl$dsqrt)
    x$fpl$dsub                               0x08005034   Section      468  daddsub_clz.o(x$fpl$dsub)
    _dsub1                                   0x08005045   Thumb Code     0  daddsub_clz.o(x$fpl$dsub)
    x$fpl$f2d                                0x08005208   Section       86  f2d.o(x$fpl$f2d)
    x$fpl$fadd                               0x08005260   Section      196  faddsub_clz.o(x$fpl$fadd)
    _fadd1                                   0x0800526f   Thumb Code     0  faddsub_clz.o(x$fpl$fadd)
    x$fpl$fcmpinf                            0x08005324   Section       24  fcmpi.o(x$fpl$fcmpinf)
    x$fpl$fflt                               0x0800533c   Section       48  fflt_clz.o(x$fpl$fflt)
    x$fpl$ffltu                              0x0800536c   Section       38  fflt_clz.o(x$fpl$ffltu)
    x$fpl$fleqf                              0x08005394   Section      104  fleqf.o(x$fpl$fleqf)
    x$fpl$fmul                               0x080053fc   Section      258  fmul.o(x$fpl$fmul)
    x$fpl$fnaninf                            0x080054fe   Section      140  fnaninf.o(x$fpl$fnaninf)
    x$fpl$fretinf                            0x0800558a   Section       10  fretinf.o(x$fpl$fretinf)
    x$fpl$frsb                               0x08005594   Section       20  faddsub_clz.o(x$fpl$frsb)
    x$fpl$fsub                               0x080055a8   Section      234  faddsub_clz.o(x$fpl$fsub)
    _fsub1                                   0x080055b7   Thumb Code     0  faddsub_clz.o(x$fpl$fsub)
    x$fpl$retnan                             0x08005692   Section      100  retnan.o(x$fpl$retnan)
    x$fpl$scalbn                             0x080056f6   Section       92  scalbn.o(x$fpl$scalbn)
    x$fpl$trapveneer                         0x08005752   Section       48  trapv.o(x$fpl$trapveneer)
    .constdata                               0x08005782   Section     7142  tftlcd.o(.constdata)
    x$fpl$usenofp                            0x08005782   Section        0  usenofp.o(x$fpl$usenofp)
    .constdata                               0x08007368   Section       24  rtc.o(.constdata)
    .constdata                               0x08007380   Section       80  acos.o(.constdata)
    pS                                       0x08007380   Data          48  acos.o(.constdata)
    qS                                       0x080073b0   Data          32  acos.o(.constdata)
    .constdata                               0x080073d0   Section       80  asin.o(.constdata)
    pS                                       0x080073d0   Data          48  asin.o(.constdata)
    qS                                       0x08007400   Data          32  asin.o(.constdata)
    .constdata                               0x08007420   Section      152  atan.o(.constdata)
    atanhi                                   0x08007420   Data          32  atan.o(.constdata)
    atanlo                                   0x08007440   Data          32  atan.o(.constdata)
    aTodd                                    0x08007460   Data          40  atan.o(.constdata)
    aTeven                                   0x08007488   Data          48  atan.o(.constdata)
    .constdata                               0x080074b8   Section      136  pow.o(.constdata)
    bp                                       0x080074b8   Data          16  pow.o(.constdata)
    dp_h                                     0x080074c8   Data          16  pow.o(.constdata)
    dp_l                                     0x080074d8   Data          16  pow.o(.constdata)
    L                                        0x080074e8   Data          48  pow.o(.constdata)
    P                                        0x08007518   Data          40  pow.o(.constdata)
    .constdata                               0x08007540   Section       48  cos_i.o(.constdata)
    C                                        0x08007540   Data          48  cos_i.o(.constdata)
    .constdata                               0x08007570   Section        8  qnan.o(.constdata)
    .constdata                               0x08007578   Section      200  rred.o(.constdata)
    pio2s                                    0x08007578   Data          48  rred.o(.constdata)
    twooverpi                                0x080075a8   Data         152  rred.o(.constdata)
    .constdata                               0x08007640   Section       40  sin_i.o(.constdata)
    S                                        0x08007640   Data          40  sin_i.o(.constdata)
    .data                                    0x20000000   Section        1  main.o(.data)
    .data                                    0x20000004   Section      924  invers_kinematic.o(.data)
    .data                                    0x200003a0   Section        2  sms.o(.data)
    Level                                    0x200003a0   Data           1  sms.o(.data)
    End                                      0x200003a1   Data           1  sms.o(.data)
    .data                                    0x200003a4   Section        4  smserail.o(.data)
    .data                                    0x200003a8   Section        8  uart.o(.data)
    .data                                    0x200003b0   Section        4  wiring.o(.data)
    .data                                    0x200003b4   Section       20  stm32f10x_rcc.o(.data)
    APBAHBPrescTable                         0x200003b4   Data          16  stm32f10x_rcc.o(.data)
    ADCPrescTable                            0x200003c4   Data           4  stm32f10x_rcc.o(.data)
    .data                                    0x200003c8   Section       20  system_stm32f10x.o(.data)
    .data                                    0x200003dc   Section       12  tftlcd.o(.data)
    .data                                    0x200003e8   Section        7  gui.o(.data)
    .data                                    0x200003f0   Section        2  rtc.o(.data)
    daycnt                                   0x200003f0   Data           2  rtc.o(.data)
    .data                                    0x200003f4   Section        5  hwjs.o(.data)
    .data                                    0x200003fc   Section        8  time.o(.data)
    .data                                    0x20000404   Section        4  systick.o(.data)
    fac_us                                   0x20000404   Data           1  systick.o(.data)
    fac_ms                                   0x20000406   Data           2  systick.o(.data)
    .data                                    0x20000408   Section        2  usart.o(.data)
    .bss                                     0x2000040c   Section       96  invers_kinematic.o(.bss)
    .bss                                     0x2000046c   Section      128  uart.o(.bss)
    .bss                                     0x200004ec   Section       50  rtc.o(.bss)
    .bss                                     0x2000051e   Section       30  usart.o(.bss)
    .bss                                     0x2000053c   Section       96  libspace.o(.bss)
    HEAP                                     0x200005a0   Section      512  startup_stm32f10x_hd.o(HEAP)
    Heap_Mem                                 0x200005a0   Data         512  startup_stm32f10x_hd.o(HEAP)
    STACK                                    0x200007a0   Section     2048  startup_stm32f10x_hd.o(STACK)
    Stack_Mem                                0x200007a0   Data        2048  startup_stm32f10x_hd.o(STACK)
    __initial_sp                             0x20000fa0   Data           0  startup_stm32f10x_hd.o(STACK)
    .ARM.__AT_0x68000000                     0x68000000   Section    983040  malloc.o(.ARM.__AT_0x68000000)
    .ARM.__AT_0x680F0000                     0x680f0000   Section    61440  malloc.o(.ARM.__AT_0x680F0000)

    Global Symbols

    Symbol Name                              Value     Ov Type        Size  Object(Section)

    BuildAttributes$$THM_ISAv4$P$D$K$B$S$PE$A:L22UL41UL21$X:L11$S22US41US21$IEEE1$IW$USESV6$~STKCKD$USESV7$~SHL$OTIME$ROPI$IEEEX$EBA8$UX$STANDARDLIB$REQ8$PRES8$EABIv2 0x00000000   Number         0  anon$$obj.o ABSOLUTE
    __ARM_use_no_argv                        0x00000000   Number         0  main.o ABSOLUTE
    _printf_flags                            0x00000000   Number         0  printf_stubs.o ABSOLUTE
    _printf_return_value                     0x00000000   Number         0  printf_stubs.o ABSOLUTE
    _printf_sizespec                         0x00000000   Number         0  printf_stubs.o ABSOLUTE
    _printf_widthprec                        0x00000000   Number         0  printf_stubs.o ABSOLUTE
    __ARM_exceptions_init                     - Undefined Weak Reference
    __alloca_initialize                       - Undefined Weak Reference
    __arm_preinit_                            - Undefined Weak Reference
    __cpp_initialize__aeabi_                  - Undefined Weak Reference
    __cxa_finalize                            - Undefined Weak Reference
    __rt_locale                               - Undefined Weak Reference
    __sigvec_lookup                           - Undefined Weak Reference
    __user_heap_extent                        - Undefined Weak Reference
    _atexit_init                              - Undefined Weak Reference
    _call_atexit_fns                          - Undefined Weak Reference
    _clock_init                               - Undefined Weak Reference
    _fp_trap_init                             - Undefined Weak Reference
    _fp_trap_shutdown                         - Undefined Weak Reference
    _get_lc_collate                           - Undefined Weak Reference
    _get_lc_ctype                             - Undefined Weak Reference
    _get_lc_monetary                          - Undefined Weak Reference
    _get_lc_numeric                           - Undefined Weak Reference
    _get_lc_time                              - Undefined Weak Reference
    _getenv_init                              - Undefined Weak Reference
    _handle_redirection                       - Undefined Weak Reference
    _mutex_acquire                            - Undefined Weak Reference
    _mutex_free                               - Undefined Weak Reference
    _mutex_release                            - Undefined Weak Reference
    _printf_mbtowc                            - Undefined Weak Reference
    _printf_truncate_signed                   - Undefined Weak Reference
    _printf_truncate_unsigned                 - Undefined Weak Reference
    _rand_init                                - Undefined Weak Reference
    _signal_finish                            - Undefined Weak Reference
    _signal_init                              - Undefined Weak Reference
    __Vectors_Size                           0x00000130   Number         0  startup_stm32f10x_hd.o ABSOLUTE
    __Vectors                                0x08000000   Data           4  startup_stm32f10x_hd.o(RESET)
    __Vectors_End                            0x08000130   Data           0  startup_stm32f10x_hd.o(RESET)
    __main                                   0x08000131   Thumb Code     8  __main.o(!!!main)
    __scatterload                            0x08000139   Thumb Code     0  __scatter.o(!!!scatter)
    __scatterload_rt2                        0x08000139   Thumb Code    44  __scatter.o(!!!scatter)
    __scatterload_rt2_thumb_only             0x08000139   Thumb Code     0  __scatter.o(!!!scatter)
    __scatterload_null                       0x08000147   Thumb Code     0  __scatter.o(!!!scatter)
    __decompress                             0x0800016d   Thumb Code   100  __dclz77c.o(!!dclz77c)
    __decompress2                            0x0800016d   Thumb Code     0  __dclz77c.o(!!dclz77c)
    __scatterload_zeroinit                   0x080001d1   Thumb Code    28  __scatter_zi.o(!!handler_zi)
    _printf_d                                0x080001ed   Thumb Code     0  _printf_d.o(.ARM.Collect$$_printf_percent$$00000009)
    _printf_percent                          0x080001ed   Thumb Code     0  _printf_percent.o(.ARM.Collect$$_printf_percent$$00000000)
    _printf_percent_end                      0x080001f3   Thumb Code     0  _printf_percent_end.o(.ARM.Collect$$_printf_percent$$00000017)
    __rt_lib_init                            0x080001f7   Thumb Code     0  libinit.o(.ARM.Collect$$libinit$$00000000)
    __rt_lib_init_alloca_1                   0x080001f9   Thumb Code     0  libinit2.o(.ARM.Collect$$libinit$$0000002E)
    __rt_lib_init_argv_1                     0x080001f9   Thumb Code     0  libinit2.o(.ARM.Collect$$libinit$$0000002C)
    __rt_lib_init_atexit_1                   0x080001f9   Thumb Code     0  libinit2.o(.ARM.Collect$$libinit$$0000001B)
    __rt_lib_init_clock_1                    0x080001f9   Thumb Code     0  libinit2.o(.ARM.Collect$$libinit$$00000021)
    __rt_lib_init_cpp_1                      0x080001f9   Thumb Code     0  libinit2.o(.ARM.Collect$$libinit$$00000032)
    __rt_lib_init_exceptions_1               0x080001f9   Thumb Code     0  libinit2.o(.ARM.Collect$$libinit$$00000030)
    __rt_lib_init_fp_1                       0x080001f9   Thumb Code     0  libinit2.o(.ARM.Collect$$libinit$$00000002)
    __rt_lib_init_fp_trap_1                  0x080001f9   Thumb Code     0  libinit2.o(.ARM.Collect$$libinit$$0000001F)
    __rt_lib_init_getenv_1                   0x080001f9   Thumb Code     0  libinit2.o(.ARM.Collect$$libinit$$00000023)
    __rt_lib_init_heap_1                     0x080001f9   Thumb Code     0  libinit2.o(.ARM.Collect$$libinit$$0000000A)
    __rt_lib_init_lc_collate_1               0x080001f9   Thumb Code     0  libinit2.o(.ARM.Collect$$libinit$$00000011)
    __rt_lib_init_lc_ctype_1                 0x080001f9   Thumb Code     0  libinit2.o(.ARM.Collect$$libinit$$00000013)
    __rt_lib_init_lc_monetary_1              0x080001f9   Thumb Code     0  libinit2.o(.ARM.Collect$$libinit$$00000015)
    __rt_lib_init_lc_numeric_1               0x080001f9   Thumb Code     0  libinit2.o(.ARM.Collect$$libinit$$00000017)
    __rt_lib_init_lc_time_1                  0x080001f9   Thumb Code     0  libinit2.o(.ARM.Collect$$libinit$$00000019)
    __rt_lib_init_preinit_1                  0x080001f9   Thumb Code     0  libinit2.o(.ARM.Collect$$libinit$$00000004)
    __rt_lib_init_rand_1                     0x080001f9   Thumb Code     0  libinit2.o(.ARM.Collect$$libinit$$0000000E)
    __rt_lib_init_return                     0x080001f9   Thumb Code     0  libinit2.o(.ARM.Collect$$libinit$$00000033)
    __rt_lib_init_signal_1                   0x080001f9   Thumb Code     0  libinit2.o(.ARM.Collect$$libinit$$0000001D)
    __rt_lib_init_stdio_1                    0x080001f9   Thumb Code     0  libinit2.o(.ARM.Collect$$libinit$$00000025)
    __rt_lib_init_user_alloc_1               0x080001f9   Thumb Code     0  libinit2.o(.ARM.Collect$$libinit$$0000000C)
    __rt_lib_shutdown                        0x080001fb   Thumb Code     0  libshutdown.o(.ARM.Collect$$libshutdown$$00000000)
    __rt_lib_shutdown_fp_trap_1              0x080001fd   Thumb Code     0  libshutdown2.o(.ARM.Collect$$libshutdown$$00000006)
    __rt_lib_shutdown_heap_1                 0x080001fd   Thumb Code     0  libshutdown2.o(.ARM.Collect$$libshutdown$$0000000E)
    __rt_lib_shutdown_return                 0x080001fd   Thumb Code     0  libshutdown2.o(.ARM.Collect$$libshutdown$$0000000F)
    __rt_lib_shutdown_signal_1               0x080001fd   Thumb Code     0  libshutdown2.o(.ARM.Collect$$libshutdown$$00000009)
    __rt_lib_shutdown_stdio_1                0x080001fd   Thumb Code     0  libshutdown2.o(.ARM.Collect$$libshutdown$$00000003)
    __rt_lib_shutdown_user_alloc_1           0x080001fd   Thumb Code     0  libshutdown2.o(.ARM.Collect$$libshutdown$$0000000B)
    __rt_entry                               0x080001ff   Thumb Code     0  __rtentry.o(.ARM.Collect$$rtentry$$00000000)
    __rt_entry_presh_1                       0x080001ff   Thumb Code     0  __rtentry2.o(.ARM.Collect$$rtentry$$00000002)
    __rt_entry_sh                            0x080001ff   Thumb Code     0  __rtentry4.o(.ARM.Collect$$rtentry$$00000004)
    __rt_entry_li                            0x08000205   Thumb Code     0  __rtentry2.o(.ARM.Collect$$rtentry$$0000000A)
    __rt_entry_postsh_1                      0x08000205   Thumb Code     0  __rtentry2.o(.ARM.Collect$$rtentry$$00000009)
    __rt_entry_main                          0x08000209   Thumb Code     0  __rtentry2.o(.ARM.Collect$$rtentry$$0000000D)
    __rt_entry_postli_1                      0x08000209   Thumb Code     0  __rtentry2.o(.ARM.Collect$$rtentry$$0000000C)
    __rt_exit                                0x08000211   Thumb Code     0  rtexit.o(.ARM.Collect$$rtexit$$00000000)
    __rt_exit_ls                             0x08000213   Thumb Code     0  rtexit2.o(.ARM.Collect$$rtexit$$00000003)
    __rt_exit_prels_1                        0x08000213   Thumb Code     0  rtexit2.o(.ARM.Collect$$rtexit$$00000002)
    __rt_exit_exit                           0x08000217   Thumb Code     0  rtexit2.o(.ARM.Collect$$rtexit$$00000004)
    Reset_Handler                            0x0800021d   Thumb Code     8  startup_stm32f10x_hd.o(.text)
    ADC1_2_IRQHandler                        0x08000237   Thumb Code     0  startup_stm32f10x_hd.o(.text)
    ADC3_IRQHandler                          0x08000237   Thumb Code     0  startup_stm32f10x_hd.o(.text)
    CAN1_RX1_IRQHandler                      0x08000237   Thumb Code     0  startup_stm32f10x_hd.o(.text)
    CAN1_SCE_IRQHandler                      0x08000237   Thumb Code     0  startup_stm32f10x_hd.o(.text)
    DMA1_Channel1_IRQHandler                 0x08000237   Thumb Code     0  startup_stm32f10x_hd.o(.text)
    DMA1_Channel2_IRQHandler                 0x08000237   Thumb Code     0  startup_stm32f10x_hd.o(.text)
    DMA1_Channel3_IRQHandler                 0x08000237   Thumb Code     0  startup_stm32f10x_hd.o(.text)
    DMA1_Channel4_IRQHandler                 0x08000237   Thumb Code     0  startup_stm32f10x_hd.o(.text)
    DMA1_Channel5_IRQHandler                 0x08000237   Thumb Code     0  startup_stm32f10x_hd.o(.text)
    DMA1_Channel6_IRQHandler                 0x08000237   Thumb Code     0  startup_stm32f10x_hd.o(.text)
    DMA1_Channel7_IRQHandler                 0x08000237   Thumb Code     0  startup_stm32f10x_hd.o(.text)
    DMA2_Channel1_IRQHandler                 0x08000237   Thumb Code     0  startup_stm32f10x_hd.o(.text)
    DMA2_Channel2_IRQHandler                 0x08000237   Thumb Code     0  startup_stm32f10x_hd.o(.text)
    DMA2_Channel3_IRQHandler                 0x08000237   Thumb Code     0  startup_stm32f10x_hd.o(.text)
    DMA2_Channel4_5_IRQHandler               0x08000237   Thumb Code     0  startup_stm32f10x_hd.o(.text)
    EXTI0_IRQHandler                         0x08000237   Thumb Code     0  startup_stm32f10x_hd.o(.text)
    EXTI1_IRQHandler                         0x08000237   Thumb Code     0  startup_stm32f10x_hd.o(.text)
    EXTI2_IRQHandler                         0x08000237   Thumb Code     0  startup_stm32f10x_hd.o(.text)
    EXTI3_IRQHandler                         0x08000237   Thumb Code     0  startup_stm32f10x_hd.o(.text)
    EXTI4_IRQHandler                         0x08000237   Thumb Code     0  startup_stm32f10x_hd.o(.text)
    EXTI9_5_IRQHandler                       0x08000237   Thumb Code     0  startup_stm32f10x_hd.o(.text)
    FLASH_IRQHandler                         0x08000237   Thumb Code     0  startup_stm32f10x_hd.o(.text)
    FSMC_IRQHandler                          0x08000237   Thumb Code     0  startup_stm32f10x_hd.o(.text)
    I2C1_ER_IRQHandler                       0x08000237   Thumb Code     0  startup_stm32f10x_hd.o(.text)
    I2C1_EV_IRQHandler                       0x08000237   Thumb Code     0  startup_stm32f10x_hd.o(.text)
    I2C2_ER_IRQHandler                       0x08000237   Thumb Code     0  startup_stm32f10x_hd.o(.text)
    I2C2_EV_IRQHandler                       0x08000237   Thumb Code     0  startup_stm32f10x_hd.o(.text)
    PVD_IRQHandler                           0x08000237   Thumb Code     0  startup_stm32f10x_hd.o(.text)
    RCC_IRQHandler                           0x08000237   Thumb Code     0  startup_stm32f10x_hd.o(.text)
    RTCAlarm_IRQHandler                      0x08000237   Thumb Code     0  startup_stm32f10x_hd.o(.text)
    SDIO_IRQHandler                          0x08000237   Thumb Code     0  startup_stm32f10x_hd.o(.text)
    SPI1_IRQHandler                          0x08000237   Thumb Code     0  startup_stm32f10x_hd.o(.text)
    SPI2_IRQHandler                          0x08000237   Thumb Code     0  startup_stm32f10x_hd.o(.text)
    SPI3_IRQHandler                          0x08000237   Thumb Code     0  startup_stm32f10x_hd.o(.text)
    TAMPER_IRQHandler                        0x08000237   Thumb Code     0  startup_stm32f10x_hd.o(.text)
    TIM1_BRK_IRQHandler                      0x08000237   Thumb Code     0  startup_stm32f10x_hd.o(.text)
    TIM1_CC_IRQHandler                       0x08000237   Thumb Code     0  startup_stm32f10x_hd.o(.text)
    TIM1_TRG_COM_IRQHandler                  0x08000237   Thumb Code     0  startup_stm32f10x_hd.o(.text)
    TIM1_UP_IRQHandler                       0x08000237   Thumb Code     0  startup_stm32f10x_hd.o(.text)
    TIM2_IRQHandler                          0x08000237   Thumb Code     0  startup_stm32f10x_hd.o(.text)
    TIM3_IRQHandler                          0x08000237   Thumb Code     0  startup_stm32f10x_hd.o(.text)
    TIM7_IRQHandler                          0x08000237   Thumb Code     0  startup_stm32f10x_hd.o(.text)
    TIM8_BRK_IRQHandler                      0x08000237   Thumb Code     0  startup_stm32f10x_hd.o(.text)
    TIM8_CC_IRQHandler                       0x08000237   Thumb Code     0  startup_stm32f10x_hd.o(.text)
    TIM8_TRG_COM_IRQHandler                  0x08000237   Thumb Code     0  startup_stm32f10x_hd.o(.text)
    TIM8_UP_IRQHandler                       0x08000237   Thumb Code     0  startup_stm32f10x_hd.o(.text)
    UART4_IRQHandler                         0x08000237   Thumb Code     0  startup_stm32f10x_hd.o(.text)
    UART5_IRQHandler                         0x08000237   Thumb Code     0  startup_stm32f10x_hd.o(.text)
    USBWakeUp_IRQHandler                     0x08000237   Thumb Code     0  startup_stm32f10x_hd.o(.text)
    USB_HP_CAN1_TX_IRQHandler                0x08000237   Thumb Code     0  startup_stm32f10x_hd.o(.text)
    USB_LP_CAN1_RX0_IRQHandler               0x08000237   Thumb Code     0  startup_stm32f10x_hd.o(.text)
    WWDG_IRQHandler                          0x08000237   Thumb Code     0  startup_stm32f10x_hd.o(.text)
    __user_initial_stackheap                 0x08000239   Thumb Code     0  startup_stm32f10x_hd.o(.text)
    __2sprintf                               0x0800025d   Thumb Code    38  __2sprintf.o(.text)
    _printf_int_dec                          0x08000289   Thumb Code   104  _printf_dec.o(.text)
    __printf                                 0x08000301   Thumb Code   270  __printf_wp.o(.text)
    __use_two_region_memory                  0x0800040f   Thumb Code     2  heapauxi.o(.text)
    __rt_heap_escrow                         0x08000411   Thumb Code     2  heapauxi.o(.text)
    __rt_heap_expand                         0x08000413   Thumb Code     2  heapauxi.o(.text)
    __read_errno                             0x08000415   Thumb Code    10  _rserrno.o(.text)
    __set_errno                              0x0800041f   Thumb Code    12  _rserrno.o(.text)
    _printf_int_common                       0x0800042b   Thumb Code   178  _printf_intcommon.o(.text)
    _printf_char_common                      0x080004e7   Thumb Code    32  _printf_char_common.o(.text)
    _sputc                                   0x0800050d   Thumb Code    10  _sputc.o(.text)
    __aeabi_errno_addr                       0x08000519   Thumb Code     8  rt_errno_addr_intlibspace.o(.text)
    __errno$intlibspace                      0x08000519   Thumb Code     0  rt_errno_addr_intlibspace.o(.text)
    __rt_errno_addr$intlibspace              0x08000519   Thumb Code     0  rt_errno_addr_intlibspace.o(.text)
    __user_libspace                          0x08000521   Thumb Code     8  libspace.o(.text)
    __user_perproc_libspace                  0x08000521   Thumb Code     0  libspace.o(.text)
    __user_perthread_libspace                0x08000521   Thumb Code     0  libspace.o(.text)
    __user_setup_stackheap                   0x08000529   Thumb Code    74  sys_stackheap_outer.o(.text)
    exit                                     0x08000573   Thumb Code    12  exit.o(.text)
    __I$use$semihosting                      0x0800057f   Thumb Code     0  use_no_semi.o(.text)
    __use_no_semihosting_swi                 0x0800057f   Thumb Code     2  use_no_semi.o(.text)
    __semihosting_library_function           0x08000581   Thumb Code     0  indicate_semi.o(.text)
    _sys_exit                                0x08000581   Thumb Code     8  sys_exit.o(.text)
    Ack                                      0x0800058d   Thumb Code    38  sms.o(i.Ack)
    BusFault_Handler                         0x080005b9   Thumb Code     4  stm32f10x_it.o(i.BusFault_Handler)
    DMA_Cmd                                  0x080005bd   Thumb Code    24  stm32f10x_dma.o(i.DMA_Cmd)
    DMA_Init                                 0x080005d5   Thumb Code    60  stm32f10x_dma.o(i.DMA_Init)
    DebugMon_Handler                         0x08000611   Thumb Code     2  stm32f10x_it.o(i.DebugMon_Handler)
    EXTI15_10_IRQHandler                     0x08000615   Thumb Code   126  hwjs.o(i.EXTI15_10_IRQHandler)
    EXTI_ClearITPendingBit                   0x080006a1   Thumb Code     6  stm32f10x_exti.o(i.EXTI_ClearITPendingBit)
    EXTI_Init                                0x080006ad   Thumb Code   142  stm32f10x_exti.o(i.EXTI_Init)
    GPIO_EXTILineConfig                      0x08000741   Thumb Code    60  stm32f10x_gpio.o(i.GPIO_EXTILineConfig)
    GPIO_Init                                0x08000781   Thumb Code   278  stm32f10x_gpio.o(i.GPIO_Init)
    GPIO_ReadInputDataBit                    0x08000897   Thumb Code    18  stm32f10x_gpio.o(i.GPIO_ReadInputDataBit)
    HW_jssj                                  0x080008a9   Thumb Code    44  hwjs.o(i.HW_jssj)
    HardFault_Handler                        0x080008d9   Thumb Code     4  stm32f10x_it.o(i.HardFault_Handler)
    Host2SCS                                 0x080008dd   Thumb Code    22  sms.o(i.Host2SCS)
    Hwjs_Init                                0x080008f9   Thumb Code   110  hwjs.o(i.Hwjs_Init)
    Hwjs_Init_close                          0x0800096d   Thumb Code   112  hwjs.o(i.Hwjs_Init_close)
    IRED_Test                                0x080009e1   Thumb Code   116  hwjs.o(i.IRED_Test)
    Is_Leap_Year                             0x08000a7d   Thumb Code    58  rtc.o(i.Is_Leap_Year)
    LCD_DrawFRONT_COLOR                      0x08000ab7   Thumb Code    28  tftlcd.o(i.LCD_DrawFRONT_COLOR)
    LCD_Set_Window                           0x08000ad5   Thumb Code   192  tftlcd.o(i.LCD_Set_Window)
    LCD_ShowChar                             0x08000b99   Thumb Code   272  tftlcd.o(i.LCD_ShowChar)
    LCD_ShowString                           0x08000cc1   Thumb Code   102  tftlcd.o(i.LCD_ShowString)
    LCD_WriteCmd                             0x08000d29   Thumb Code     6  tftlcd.o(i.LCD_WriteCmd)
    LCD_WriteData                            0x08000d35   Thumb Code     6  tftlcd.o(i.LCD_WriteData)
    LCD_WriteData_Color                      0x08000d41   Thumb Code     6  tftlcd.o(i.LCD_WriteData_Color)
    MemManage_Handler                        0x08000d4d   Thumb Code     4  stm32f10x_it.o(i.MemManage_Handler)
    NMI_Handler                              0x08000d51   Thumb Code     2  stm32f10x_it.o(i.NMI_Handler)
    NVIC_Init                                0x08000d55   Thumb Code   100  misc.o(i.NVIC_Init)
    NVIC_PriorityGroupConfig                 0x08000dc5   Thumb Code    10  misc.o(i.NVIC_PriorityGroupConfig)
    PendSV_Handler                           0x08000dd9   Thumb Code     2  stm32f10x_it.o(i.PendSV_Handler)
    RCC_AHBPeriphClockCmd                    0x08000ddd   Thumb Code    26  stm32f10x_rcc.o(i.RCC_AHBPeriphClockCmd)
    RCC_APB1PeriphClockCmd                   0x08000dfd   Thumb Code    26  stm32f10x_rcc.o(i.RCC_APB1PeriphClockCmd)
    RCC_APB2PeriphClockCmd                   0x08000e1d   Thumb Code    26  stm32f10x_rcc.o(i.RCC_APB2PeriphClockCmd)
    RCC_GetClocksFreq                        0x08000e3d   Thumb Code   192  stm32f10x_rcc.o(i.RCC_GetClocksFreq)
    RTC_ClearITPendingBit                    0x08000f11   Thumb Code    12  stm32f10x_rtc.o(i.RTC_ClearITPendingBit)
    RTC_Get                                  0x08000f21   Thumb Code   240  rtc.o(i.RTC_Get)
    RTC_GetCounter                           0x08001021   Thumb Code    16  stm32f10x_rtc.o(i.RTC_GetCounter)
    RTC_GetITStatus                          0x08001035   Thumb Code    32  stm32f10x_rtc.o(i.RTC_GetITStatus)
    RTC_Get_Week                             0x08001059   Thumb Code   116  rtc.o(i.RTC_Get_Week)
    RTC_IRQHandler                           0x080010d1   Thumb Code   200  rtc.o(i.RTC_IRQHandler)
    RTC_WaitForLastTask                      0x080011d9   Thumb Code    16  stm32f10x_rtc.o(i.RTC_WaitForLastTask)
    RegWriteAction                           0x080011ed   Thumb Code    20  smscl.o(i.RegWriteAction)
    RegWritePos                              0x08001201   Thumb Code    42  smscl.o(i.RegWritePos)
    SVC_Handler                              0x0800122b   Thumb Code     2  stm32f10x_it.o(i.SVC_Handler)
    SysTick_CLKSourceConfig                  0x08001315   Thumb Code    40  misc.o(i.SysTick_CLKSourceConfig)
    SysTick_Handler                          0x0800133d   Thumb Code    28  wiring.o(i.SysTick_Handler)
    SysTick_Init                             0x0800135d   Thumb Code    52  systick.o(i.SysTick_Init)
    SystemInit                               0x08001399   Thumb Code    78  system_stm32f10x.o(i.SystemInit)
    TIM4_IRQHandler                          0x080013f9   Thumb Code    20  time.o(i.TIM4_IRQHandler)
    TIM5_IRQHandler                          0x08001411   Thumb Code    22  time.o(i.TIM5_IRQHandler)
    TIM6_IRQHandler                          0x08001431   Thumb Code    32  time.o(i.TIM6_IRQHandler)
    TIM_ClearITPendingBit                    0x08001459   Thumb Code     6  stm32f10x_tim.o(i.TIM_ClearITPendingBit)
    TIM_GetITStatus                          0x0800145f   Thumb Code    34  stm32f10x_tim.o(i.TIM_GetITStatus)
    USART1_IRQHandler                        0x08001481   Thumb Code    54  usart.o(i.USART1_IRQHandler)
    USART2_IRQHandler                        0x080014bd   Thumb Code    36  uart.o(i.USART2_IRQHandler)
    USART3_IRQHandler                        0x080014ed   Thumb Code   122  usart.o(i.USART3_IRQHandler)
    USART_ClearFlag                          0x08001575   Thumb Code    18  stm32f10x_usart.o(i.USART_ClearFlag)
    USART_Cmd                                0x08001587   Thumb Code    24  stm32f10x_usart.o(i.USART_Cmd)
    USART_DMACmd                             0x0800159f   Thumb Code    18  stm32f10x_usart.o(i.USART_DMACmd)
    USART_GetFlagStatus                      0x080015b1   Thumb Code    26  stm32f10x_usart.o(i.USART_GetFlagStatus)
    USART_GetITStatus                        0x080015cb   Thumb Code    84  stm32f10x_usart.o(i.USART_GetITStatus)
    USART_ITConfig                           0x0800161f   Thumb Code    74  stm32f10x_usart.o(i.USART_ITConfig)
    USART_Init                               0x08001669   Thumb Code   210  stm32f10x_usart.o(i.USART_Init)
    USART_ReceiveData                        0x08001741   Thumb Code    10  stm32f10x_usart.o(i.USART_ReceiveData)
    USART_SendData                           0x0800174b   Thumb Code     8  stm32f10x_usart.o(i.USART_SendData)
    Uart_DmaSend                             0x08001755   Thumb Code    80  uart.o(i.Uart_DmaSend)
    Uart_Flush                               0x080017ad   Thumb Code    12  uart.o(i.Uart_Flush)
    Uart_Init                                0x080017c1   Thumb Code   214  uart.o(i.Uart_Init)
    Uart_Read                                0x080018a5   Thumb Code    52  uart.o(i.Uart_Read)
    UnderarmPos                              0x080018e5   Thumb Code   190  main.o(i.UnderarmPos)
    UnderarmPosPlan                          0x080019ad   Thumb Code   410  invers_kinematic.o(i.UnderarmPosPlan)
    UpPlan                                   0x08001b61   Thumb Code   410  invers_kinematic.o(i.UpPlan)
    UpPos                                    0x08001d15   Thumb Code   190  main.o(i.UpPos)
    UsageFault_Handler                       0x08001ddd   Thumb Code     4  stm32f10x_it.o(i.UsageFault_Handler)
    __ARM_fpclassify                         0x08001de1   Thumb Code    40  fpclassify.o(i.__ARM_fpclassify)
    __ieee754_rem_pio2                       0x08001e09   Thumb Code   828  rred.o(i.__ieee754_rem_pio2)
    __kernel_cos                             0x08002191   Thumb Code   230  cos_i.o(i.__kernel_cos)
    __kernel_poly                            0x0800228d   Thumb Code   170  poly.o(i.__kernel_poly)
    __kernel_sin                             0x08002339   Thumb Code   224  sin_i.o(i.__kernel_sin)
    __mathlib_dbl_divzero                    0x08002425   Thumb Code    12  dunder.o(i.__mathlib_dbl_divzero)
    __mathlib_dbl_infnan                     0x08002435   Thumb Code     6  dunder.o(i.__mathlib_dbl_infnan)
    __mathlib_dbl_infnan2                    0x0800243b   Thumb Code     4  dunder.o(i.__mathlib_dbl_infnan2)
    __mathlib_dbl_invalid                    0x0800243f   Thumb Code    12  dunder.o(i.__mathlib_dbl_invalid)
    __mathlib_dbl_overflow                   0x0800244b   Thumb Code    14  dunder.o(i.__mathlib_dbl_overflow)
    __mathlib_dbl_underflow                  0x08002459   Thumb Code    10  dunder.o(i.__mathlib_dbl_underflow)
    _is_digit                                0x08002469   Thumb Code    14  __printf_wp.o(i._is_digit)
    acos                                     0x08002479   Thumb Code   574  acos.o(i.acos)
    angle2posi                               0x080026f5   Thumb Code   112  invers_kinematic.o(i.angle2posi)
    asin                                     0x08002781   Thumb Code   572  asin.o(i.asin)
    atan                                     0x080029f1   Thumb Code   474  atan.o(i.atan)
    atan2                                    0x08002c11   Thumb Code   346  atan2.o(i.atan2)
    cos                                      0x08002d91   Thumb Code   148  cos.o(i.cos)
    delay                                    0x08002e2d   Thumb Code    22  wiring.o(i.delay)
    delay_us                                 0x08002e45   Thumb Code    72  systick.o(i.delay_us)
    fkine                                    0x08002e91   Thumb Code   842  invers_kinematic.o(i.fkine)
    flushSCS                                 0x080031e9   Thumb Code     8  smserail.o(i.flushSCS)
    ikine                                    0x080031f1   Thumb Code  1134  invers_kinematic.o(i.ikine)
    initPos                                  0x08003661   Thumb Code   214  main.o(i.initPos)
    initSys                                  0x0800373d   Thumb Code   140  main.o(i.initSys)
    initial_traj_plan                        0x080037d5   Thumb Code   426  invers_kinematic.o(i.initial_traj_plan)
    main                                     0x08003999   Thumb Code    36  main.o(i.main)
    millis                                   0x080039bd   Thumb Code     6  wiring.o(i.millis)
    pow                                      0x080039c9   Thumb Code  2478  pow.o(i.pow)
    readSCS                                  0x08004381   Thumb Code    74  smserail.o(i.readSCS)
    setup                                    0x080043d1   Thumb Code    26  main.o(i.setup)
    sin                                      0x080043f1   Thumb Code   150  sin.o(i.sin)
    sqrt                                     0x08004491   Thumb Code    76  sqrt.o(i.sqrt)
    writeBuf                                 0x080044dd   Thumb Code   146  sms.o(i.writeBuf)
    writePos                                 0x0800456f   Thumb Code    82  smscl.o(i.writePos)
    writeSCS                                 0x080045c1   Thumb Code    18  smserail.o(i.writeSCS)
    __aeabi_d2f                              0x080045d5   Thumb Code     0  d2f.o(x$fpl$d2f)
    _d2f                                     0x080045d5   Thumb Code    98  d2f.o(x$fpl$d2f)
    __aeabi_dadd                             0x08004639   Thumb Code     0  daddsub_clz.o(x$fpl$dadd)
    _dadd                                    0x08004639   Thumb Code   332  daddsub_clz.o(x$fpl$dadd)
    __fpl_dcheck_NaN1                        0x08004789   Thumb Code    10  dcheck1.o(x$fpl$dcheck1)
    __fpl_dcmp_Inf                           0x08004799   Thumb Code    24  dcmpi.o(x$fpl$dcmpinf)
    __aeabi_ddiv                             0x080047b1   Thumb Code     0  ddiv.o(x$fpl$ddiv)
    _ddiv                                    0x080047b1   Thumb Code   552  ddiv.o(x$fpl$ddiv)
    __aeabi_d2iz                             0x08004a61   Thumb Code     0  dfix.o(x$fpl$dfix)
    _dfix                                    0x08004a61   Thumb Code    94  dfix.o(x$fpl$dfix)
    __aeabi_d2uiz                            0x08004ac1   Thumb Code     0  dfixu.o(x$fpl$dfixu)
    _dfixu                                   0x08004ac1   Thumb Code    90  dfixu.o(x$fpl$dfixu)
    __aeabi_i2d                              0x08004b1b   Thumb Code     0  dflt_clz.o(x$fpl$dflt)
    _dflt                                    0x08004b1b   Thumb Code    46  dflt_clz.o(x$fpl$dflt)
    __aeabi_ui2d                             0x08004b49   Thumb Code     0  dflt_clz.o(x$fpl$dfltu)
    _dfltu                                   0x08004b49   Thumb Code    38  dflt_clz.o(x$fpl$dfltu)
    __aeabi_cdcmple                          0x08004b71   Thumb Code     0  dleqf.o(x$fpl$dleqf)
    _dcmple                                  0x08004b71   Thumb Code   120  dleqf.o(x$fpl$dleqf)
    __fpl_dcmple_InfNaN                      0x08004bd3   Thumb Code     0  dleqf.o(x$fpl$dleqf)
    __aeabi_dmul                             0x08004be9   Thumb Code     0  dmul.o(x$fpl$dmul)
    _dmul                                    0x08004be9   Thumb Code   332  dmul.o(x$fpl$dmul)
    __fpl_dnaninf                            0x08004d3d   Thumb Code   156  dnaninf.o(x$fpl$dnaninf)
    __fpl_dretinf                            0x08004dd9   Thumb Code    12  dretinf.o(x$fpl$dretinf)
    __aeabi_cdrcmple                         0x08004de5   Thumb Code     0  drleqf.o(x$fpl$drleqf)
    _drcmple                                 0x08004de5   Thumb Code   108  drleqf.o(x$fpl$drleqf)
    __aeabi_drsub                            0x08004e51   Thumb Code     0  daddsub_clz.o(x$fpl$drsb)
    _drsb                                    0x08004e51   Thumb Code    22  daddsub_clz.o(x$fpl$drsb)
    _dsqrt                                   0x08004e69   Thumb Code   456  dsqrt_noumaal.o(x$fpl$dsqrt)
    __aeabi_dsub                             0x08005035   Thumb Code     0  daddsub_clz.o(x$fpl$dsub)
    _dsub                                    0x08005035   Thumb Code   464  daddsub_clz.o(x$fpl$dsub)
    __aeabi_f2d                              0x08005209   Thumb Code     0  f2d.o(x$fpl$f2d)
    _f2d                                     0x08005209   Thumb Code    86  f2d.o(x$fpl$f2d)
    __aeabi_fadd                             0x08005261   Thumb Code     0  faddsub_clz.o(x$fpl$fadd)
    _fadd                                    0x08005261   Thumb Code   196  faddsub_clz.o(x$fpl$fadd)
    __fpl_fcmp_Inf                           0x08005325   Thumb Code    24  fcmpi.o(x$fpl$fcmpinf)
    __aeabi_i2f                              0x0800533d   Thumb Code     0  fflt_clz.o(x$fpl$fflt)
    _fflt                                    0x0800533d   Thumb Code    48  fflt_clz.o(x$fpl$fflt)
    __aeabi_ui2f                             0x0800536d   Thumb Code     0  fflt_clz.o(x$fpl$ffltu)
    _ffltu                                   0x0800536d   Thumb Code    38  fflt_clz.o(x$fpl$ffltu)
    __aeabi_cfcmple                          0x08005395   Thumb Code     0  fleqf.o(x$fpl$fleqf)
    _fcmple                                  0x08005395   Thumb Code   104  fleqf.o(x$fpl$fleqf)
    __fpl_fcmple_InfNaN                      0x080053e7   Thumb Code     0  fleqf.o(x$fpl$fleqf)
    __aeabi_fmul                             0x080053fd   Thumb Code     0  fmul.o(x$fpl$fmul)
    _fmul                                    0x080053fd   Thumb Code   258  fmul.o(x$fpl$fmul)
    __fpl_fnaninf                            0x080054ff   Thumb Code   140  fnaninf.o(x$fpl$fnaninf)
    __fpl_fretinf                            0x0800558b   Thumb Code    10  fretinf.o(x$fpl$fretinf)
    __aeabi_frsub                            0x08005595   Thumb Code     0  faddsub_clz.o(x$fpl$frsb)
    _frsb                                    0x08005595   Thumb Code    20  faddsub_clz.o(x$fpl$frsb)
    __aeabi_fsub                             0x080055a9   Thumb Code     0  faddsub_clz.o(x$fpl$fsub)
    _fsub                                    0x080055a9   Thumb Code   234  faddsub_clz.o(x$fpl$fsub)
    __fpl_return_NaN                         0x08005693   Thumb Code   100  retnan.o(x$fpl$retnan)
    __ARM_scalbn                             0x080056f7   Thumb Code    92  scalbn.o(x$fpl$scalbn)
    __fpl_cmpreturn                          0x08005753   Thumb Code    48  trapv.o(x$fpl$trapveneer)
    __I$use$fp                               0x08005782   Number         0  usenofp.o(x$fpl$usenofp)
    ascii_1206                               0x08005782   Data        1140  tftlcd.o(.constdata)
    ascii_1608                               0x08005bf6   Data        1520  tftlcd.o(.constdata)
    ascii_2412                               0x080061e6   Data        3420  tftlcd.o(.constdata)
    CnChar32x29                              0x08006f42   Data        1062  tftlcd.o(.constdata)
    table_week                               0x08007368   Data          12  rtc.o(.constdata)
    mon_table                                0x08007374   Data          12  rtc.o(.constdata)
    __mathlib_zero                           0x08007570   Data           8  qnan.o(.constdata)
    Region$$Table$$Base                      0x08007668   Number         0  anon$$obj.o(Region$$Table)
    Region$$Table$$Limit                     0x08007688   Number         0  anon$$obj.o(Region$$Table)
    ID                                       0x20000000   Data           1  main.o(.data)
    a1                                       0x20000004   Data           4  invers_kinematic.o(.data)
    a2                                       0x20000008   Data           4  invers_kinematic.o(.data)
    a3                                       0x2000000c   Data           4  invers_kinematic.o(.data)
    initial_pos                              0x20000010   Data          48  invers_kinematic.o(.data)
    initial_angle                            0x20000040   Data          48  invers_kinematic.o(.data)
    motor_flag                               0x20000070   Data          48  invers_kinematic.o(.data)
    y                                        0x200000a0   Data          48  invers_kinematic.o(.data)
    z                                        0x200000d0   Data          48  invers_kinematic.o(.data)
    yy                                       0x20000100   Data          48  invers_kinematic.o(.data)
    yy1                                      0x20000130   Data          48  invers_kinematic.o(.data)
    ysupport                                 0x20000160   Data          96  invers_kinematic.o(.data)
    zleftswing                               0x200001c0   Data          96  invers_kinematic.o(.data)
    yleftswing                               0x20000220   Data          96  invers_kinematic.o(.data)
    ysupport2                                0x20000280   Data          96  invers_kinematic.o(.data)
    zrightswing                              0x200002e0   Data          96  invers_kinematic.o(.data)
    yrightswing                              0x20000340   Data          96  invers_kinematic.o(.data)
    IOTimeOut                                0x200003a4   Data           4  smserail.o(.data)
    head1                                    0x200003a8   Data           4  uart.o(.data)
    tail1                                    0x200003ac   Data           4  uart.o(.data)
    TimingMillis                             0x200003b0   Data           4  wiring.o(.data)
    SystemCoreClock                          0x200003c8   Data           4  system_stm32f10x.o(.data)
    AHBPrescTable                            0x200003cc   Data          16  system_stm32f10x.o(.data)
    FRONT_COLOR                              0x200003dc   Data           2  tftlcd.o(.data)
    BACK_COLOR                               0x200003de   Data           2  tftlcd.o(.data)
    tftlcd_data                              0x200003e0   Data           8  tftlcd.o(.data)
    ICON_XLEN                                0x200003e8   Data           1  gui.o(.data)
    ICON_YLEN                                0x200003e9   Data           1  gui.o(.data)
    ICON_SIZE                                0x200003ea   Data           1  gui.o(.data)
    ICON_XFRAM                               0x200003eb   Data           1  gui.o(.data)
    ICON_YFRAM                               0x200003ec   Data           1  gui.o(.data)
    ICON_XSPACE                              0x200003ed   Data           1  gui.o(.data)
    ICON_YSPACE                              0x200003ee   Data           1  gui.o(.data)
    hw_jsm                                   0x200003f4   Data           4  hwjs.o(.data)
    hw_jsbz                                  0x200003f8   Data           1  hwjs.o(.data)
    uip_timer                                0x200003fc   Data           4  time.o(.data)
    uip_timer5                               0x20000400   Data           4  time.o(.data)
    USART_RX_STA                             0x20000408   Data           2  usart.o(.data)
    posi_now                                 0x2000040c   Data          48  invers_kinematic.o(.bss)
    x                                        0x2000043c   Data          48  invers_kinematic.o(.bss)
    uart1Buf                                 0x2000046c   Data         128  uart.o(.bss)
    calendar                                 0x200004ec   Data          10  rtc.o(.bss)
    buf                                      0x200004f6   Data          40  rtc.o(.bss)
    USART_RX_BUF                             0x2000051e   Data          30  usart.o(.bss)
    __libspace_start                         0x2000053c   Data          96  libspace.o(.bss)
    __temporary_stack_top$libspace           0x2000059c   Data           0  libspace.o(.bss)
    mem2base                                 0x68000000   Data       983040  malloc.o(.ARM.__AT_0x68000000)
    mem2mapbase                              0x680f0000   Data       61440  malloc.o(.ARM.__AT_0x680F0000)



==============================================================================

Memory Map of the image

  Image Entry point : 0x08000131

  Load Region LR_IROM1 (Base: 0x08000000, Size: 0x00007a94, Max: 0x00080000, ABSOLUTE, COMPRESSED[0x000077cc])

    Execution Region ER_IROM1 (Base: 0x08000000, Size: 0x00007688, Max: 0x00080000, ABSOLUTE)

    Base Addr    Size         Type   Attr      Idx    E Section Name        Object

    0x08000000   0x00000130   Data   RO          808    RESET               startup_stm32f10x_hd.o
    0x08000130   0x00000008   Code   RO         6263  * !!!main             c_w.l(__main.o)
    0x08000138   0x00000034   Code   RO         6785    !!!scatter          c_w.l(__scatter.o)
    0x0800016c   0x00000064   Code   RO         6783    !!dclz77c           c_w.l(__dclz77c.o)
    0x080001d0   0x0000001c   Code   RO         6787    !!handler_zi        c_w.l(__scatter_zi.o)
    0x080001ec   0x00000000   Code   RO         6240    .ARM.Collect$$_printf_percent$$00000000  c_w.l(_printf_percent.o)
    0x080001ec   0x00000006   Code   RO         6238    .ARM.Collect$$_printf_percent$$00000009  c_w.l(_printf_d.o)
    0x080001f2   0x00000004   Code   RO         6412    .ARM.Collect$$_printf_percent$$00000017  c_w.l(_printf_percent_end.o)
    0x080001f6   0x00000002   Code   RO         6599    .ARM.Collect$$libinit$$00000000  c_w.l(libinit.o)
    0x080001f8   0x00000000   Code   RO         6601    .ARM.Collect$$libinit$$00000002  c_w.l(libinit2.o)
    0x080001f8   0x00000000   Code   RO         6603    .ARM.Collect$$libinit$$00000004  c_w.l(libinit2.o)
    0x080001f8   0x00000000   Code   RO         6606    .ARM.Collect$$libinit$$0000000A  c_w.l(libinit2.o)
    0x080001f8   0x00000000   Code   RO         6608    .ARM.Collect$$libinit$$0000000C  c_w.l(libinit2.o)
    0x080001f8   0x00000000   Code   RO         6610    .ARM.Collect$$libinit$$0000000E  c_w.l(libinit2.o)
    0x080001f8   0x00000000   Code   RO         6613    .ARM.Collect$$libinit$$00000011  c_w.l(libinit2.o)
    0x080001f8   0x00000000   Code   RO         6615    .ARM.Collect$$libinit$$00000013  c_w.l(libinit2.o)
    0x080001f8   0x00000000   Code   RO         6617    .ARM.Collect$$libinit$$00000015  c_w.l(libinit2.o)
    0x080001f8   0x00000000   Code   RO         6619    .ARM.Collect$$libinit$$00000017  c_w.l(libinit2.o)
    0x080001f8   0x00000000   Code   RO         6621    .ARM.Collect$$libinit$$00000019  c_w.l(libinit2.o)
    0x080001f8   0x00000000   Code   RO         6623    .ARM.Collect$$libinit$$0000001B  c_w.l(libinit2.o)
    0x080001f8   0x00000000   Code   RO         6625    .ARM.Collect$$libinit$$0000001D  c_w.l(libinit2.o)
    0x080001f8   0x00000000   Code   RO         6627    .ARM.Collect$$libinit$$0000001F  c_w.l(libinit2.o)
    0x080001f8   0x00000000   Code   RO         6629    .ARM.Collect$$libinit$$00000021  c_w.l(libinit2.o)
    0x080001f8   0x00000000   Code   RO         6631    .ARM.Collect$$libinit$$00000023  c_w.l(libinit2.o)
    0x080001f8   0x00000000   Code   RO         6633    .ARM.Collect$$libinit$$00000025  c_w.l(libinit2.o)
    0x080001f8   0x00000000   Code   RO         6637    .ARM.Collect$$libinit$$0000002C  c_w.l(libinit2.o)
    0x080001f8   0x00000000   Code   RO         6639    .ARM.Collect$$libinit$$0000002E  c_w.l(libinit2.o)
    0x080001f8   0x00000000   Code   RO         6641    .ARM.Collect$$libinit$$00000030  c_w.l(libinit2.o)
    0x080001f8   0x00000000   Code   RO         6643    .ARM.Collect$$libinit$$00000032  c_w.l(libinit2.o)
    0x080001f8   0x00000002   Code   RO         6644    .ARM.Collect$$libinit$$00000033  c_w.l(libinit2.o)
    0x080001fa   0x00000002   Code   RO         6762    .ARM.Collect$$libshutdown$$00000000  c_w.l(libshutdown.o)
    0x080001fc   0x00000000   Code   RO         6647    .ARM.Collect$$libshutdown$$00000003  c_w.l(libshutdown2.o)
    0x080001fc   0x00000000   Code   RO         6650    .ARM.Collect$$libshutdown$$00000006  c_w.l(libshutdown2.o)
    0x080001fc   0x00000000   Code   RO         6653    .ARM.Collect$$libshutdown$$00000009  c_w.l(libshutdown2.o)
    0x080001fc   0x00000000   Code   RO         6655    .ARM.Collect$$libshutdown$$0000000B  c_w.l(libshutdown2.o)
    0x080001fc   0x00000000   Code   RO         6658    .ARM.Collect$$libshutdown$$0000000E  c_w.l(libshutdown2.o)
    0x080001fc   0x00000002   Code   RO         6659    .ARM.Collect$$libshutdown$$0000000F  c_w.l(libshutdown2.o)
    0x080001fe   0x00000000   Code   RO         6397    .ARM.Collect$$rtentry$$00000000  c_w.l(__rtentry.o)
    0x080001fe   0x00000000   Code   RO         6476    .ARM.Collect$$rtentry$$00000002  c_w.l(__rtentry2.o)
    0x080001fe   0x00000006   Code   RO         6488    .ARM.Collect$$rtentry$$00000004  c_w.l(__rtentry4.o)
    0x08000204   0x00000000   Code   RO         6478    .ARM.Collect$$rtentry$$00000009  c_w.l(__rtentry2.o)
    0x08000204   0x00000004   Code   RO         6479    .ARM.Collect$$rtentry$$0000000A  c_w.l(__rtentry2.o)
    0x08000208   0x00000000   Code   RO         6481    .ARM.Collect$$rtentry$$0000000C  c_w.l(__rtentry2.o)
    0x08000208   0x00000008   Code   RO         6482    .ARM.Collect$$rtentry$$0000000D  c_w.l(__rtentry2.o)
    0x08000210   0x00000002   Code   RO         6665    .ARM.Collect$$rtexit$$00000000  c_w.l(rtexit.o)
    0x08000212   0x00000000   Code   RO         6713    .ARM.Collect$$rtexit$$00000002  c_w.l(rtexit2.o)
    0x08000212   0x00000004   Code   RO         6714    .ARM.Collect$$rtexit$$00000003  c_w.l(rtexit2.o)
    0x08000216   0x00000006   Code   RO         6715    .ARM.Collect$$rtexit$$00000004  c_w.l(rtexit2.o)
    0x0800021c   0x00000040   Code   RO          809    .text               startup_stm32f10x_hd.o
    0x0800025c   0x0000002c   Code   RO         6176    .text               c_w.l(__2sprintf.o)
    0x08000288   0x00000078   Code   RO         6192    .text               c_w.l(_printf_dec.o)
    0x08000300   0x0000010e   Code   RO         6223    .text               c_w.l(__printf_wp.o)
    0x0800040e   0x00000006   Code   RO         6261    .text               c_w.l(heapauxi.o)
    0x08000414   0x00000016   Code   RO         6398    .text               c_w.l(_rserrno.o)
    0x0800042a   0x000000b2   Code   RO         6400    .text               c_w.l(_printf_intcommon.o)
    0x080004dc   0x00000030   Code   RO         6402    .text               c_w.l(_printf_char_common.o)
    0x0800050c   0x0000000a   Code   RO         6404    .text               c_w.l(_sputc.o)
    0x08000516   0x00000002   PAD
    0x08000518   0x00000008   Code   RO         6493    .text               c_w.l(rt_errno_addr_intlibspace.o)
    0x08000520   0x00000008   Code   RO         6514    .text               c_w.l(libspace.o)
    0x08000528   0x0000004a   Code   RO         6519    .text               c_w.l(sys_stackheap_outer.o)
    0x08000572   0x0000000c   Code   RO         6588    .text               c_w.l(exit.o)
    0x0800057e   0x00000002   Code   RO         6662    .text               c_w.l(use_no_semi.o)
    0x08000580   0x00000000   Code   RO         6664    .text               c_w.l(indicate_semi.o)
    0x08000580   0x0000000c   Code   RO         6710    .text               c_w.l(sys_exit.o)
    0x0800058c   0x0000002c   Code   RO          503    i.Ack               sms.o
    0x080005b8   0x00000004   Code   RO          366    i.BusFault_Handler  stm32f10x_it.o
    0x080005bc   0x00000018   Code   RO         2486    i.DMA_Cmd           stm32f10x_dma.o
    0x080005d4   0x0000003c   Code   RO         2492    i.DMA_Init          stm32f10x_dma.o
    0x08000610   0x00000002   Code   RO          367    i.DebugMon_Handler  stm32f10x_it.o
    0x08000612   0x00000002   PAD
    0x08000614   0x0000008c   Code   RO         4269    i.EXTI15_10_IRQHandler  hwjs.o
    0x080006a0   0x0000000c   Code   RO         1169    i.EXTI_ClearITPendingBit  stm32f10x_exti.o
    0x080006ac   0x00000094   Code   RO         1174    i.EXTI_Init         stm32f10x_exti.o
    0x08000740   0x00000040   Code   RO          817    i.GPIO_EXTILineConfig  stm32f10x_gpio.o
    0x08000780   0x00000116   Code   RO          820    i.GPIO_Init         stm32f10x_gpio.o
    0x08000896   0x00000012   Code   RO          824    i.GPIO_ReadInputDataBit  stm32f10x_gpio.o
    0x080008a8   0x00000030   Code   RO         4270    i.HW_jssj           hwjs.o
    0x080008d8   0x00000004   Code   RO          368    i.HardFault_Handler  stm32f10x_it.o
    0x080008dc   0x0000001c   Code   RO          504    i.Host2SCS          sms.o
    0x080008f8   0x00000074   Code   RO         4271    i.Hwjs_Init         hwjs.o
    0x0800096c   0x00000074   Code   RO         4272    i.Hwjs_Init_close   hwjs.o
    0x080009e0   0x0000009c   Code   RO         4273    i.IRED_Test         hwjs.o
    0x08000a7c   0x0000003a   Code   RO         4043    i.Is_Leap_Year      rtc.o
    0x08000ab6   0x0000001c   Code   RO         3306    i.LCD_DrawFRONT_COLOR  tftlcd.o
    0x08000ad2   0x00000002   PAD
    0x08000ad4   0x000000c4   Code   RO         3317    i.LCD_Set_Window    tftlcd.o
    0x08000b98   0x00000128   Code   RO         3318    i.LCD_ShowChar      tftlcd.o
    0x08000cc0   0x00000066   Code   RO         3322    i.LCD_ShowString    tftlcd.o
    0x08000d26   0x00000002   PAD
    0x08000d28   0x0000000c   Code   RO         3324    i.LCD_WriteCmd      tftlcd.o
    0x08000d34   0x0000000c   Code   RO         3326    i.LCD_WriteData     tftlcd.o
    0x08000d40   0x0000000c   Code   RO         3327    i.LCD_WriteData_Color  tftlcd.o
    0x08000d4c   0x00000004   Code   RO          369    i.MemManage_Handler  stm32f10x_it.o
    0x08000d50   0x00000002   Code   RO          370    i.NMI_Handler       stm32f10x_it.o
    0x08000d52   0x00000002   PAD
    0x08000d54   0x00000070   Code   RO         1132    i.NVIC_Init         misc.o
    0x08000dc4   0x00000014   Code   RO         1133    i.NVIC_PriorityGroupConfig  misc.o
    0x08000dd8   0x00000002   Code   RO          371    i.PendSV_Handler    stm32f10x_it.o
    0x08000dda   0x00000002   PAD
    0x08000ddc   0x00000020   Code   RO          933    i.RCC_AHBPeriphClockCmd  stm32f10x_rcc.o
    0x08000dfc   0x00000020   Code   RO          934    i.RCC_APB1PeriphClockCmd  stm32f10x_rcc.o
    0x08000e1c   0x00000020   Code   RO          936    i.RCC_APB2PeriphClockCmd  stm32f10x_rcc.o
    0x08000e3c   0x000000d4   Code   RO          944    i.RCC_GetClocksFreq  stm32f10x_rcc.o
    0x08000f10   0x00000010   Code   RO         2557    i.RTC_ClearITPendingBit  stm32f10x_rtc.o
    0x08000f20   0x00000100   Code   RO         4045    i.RTC_Get           rtc.o
    0x08001020   0x00000014   Code   RO         2560    i.RTC_GetCounter    stm32f10x_rtc.o
    0x08001034   0x00000024   Code   RO         2563    i.RTC_GetITStatus   stm32f10x_rtc.o
    0x08001058   0x00000078   Code   RO         4046    i.RTC_Get_Week      rtc.o
    0x080010d0   0x00000108   Code   RO         4047    i.RTC_IRQHandler    rtc.o
    0x080011d8   0x00000014   Code   RO         2568    i.RTC_WaitForLastTask  stm32f10x_rtc.o
    0x080011ec   0x00000014   Code   RO          595    i.RegWriteAction    smscl.o
    0x08001200   0x0000002a   Code   RO          596    i.RegWritePos       smscl.o
    0x0800122a   0x00000002   Code   RO          372    i.SVC_Handler       stm32f10x_it.o
    0x0800122c   0x00000008   Code   RO         3239    i.SetSysClock       system_stm32f10x.o
    0x08001234   0x000000e0   Code   RO         3240    i.SetSysClockTo72   system_stm32f10x.o
    0x08001314   0x00000028   Code   RO         1136    i.SysTick_CLKSourceConfig  misc.o
    0x0800133c   0x00000020   Code   RO          779    i.SysTick_Handler   wiring.o
    0x0800135c   0x0000003c   Code   RO         4698    i.SysTick_Init      systick.o
    0x08001398   0x00000060   Code   RO         3242    i.SystemInit        system_stm32f10x.o
    0x080013f8   0x00000018   Code   RO         4636    i.TIM4_IRQHandler   time.o
    0x08001410   0x00000020   Code   RO         4638    i.TIM5_IRQHandler   time.o
    0x08001430   0x00000028   Code   RO         4640    i.TIM6_IRQHandler   time.o
    0x08001458   0x00000006   Code   RO         1233    i.TIM_ClearITPendingBit  stm32f10x_tim.o
    0x0800145e   0x00000022   Code   RO         1259    i.TIM_GetITStatus   stm32f10x_tim.o
    0x08001480   0x0000003c   Code   RO         4727    i.USART1_IRQHandler  usart.o
    0x080014bc   0x00000030   Code   RO          739    i.USART2_IRQHandler  uart.o
    0x080014ec   0x00000088   Code   RO         4729    i.USART3_IRQHandler  usart.o
    0x08001574   0x00000012   Code   RO         1770    i.USART_ClearFlag   stm32f10x_usart.o
    0x08001586   0x00000018   Code   RO         1774    i.USART_Cmd         stm32f10x_usart.o
    0x0800159e   0x00000012   Code   RO         1775    i.USART_DMACmd      stm32f10x_usart.o
    0x080015b0   0x0000001a   Code   RO         1777    i.USART_GetFlagStatus  stm32f10x_usart.o
    0x080015ca   0x00000054   Code   RO         1778    i.USART_GetITStatus  stm32f10x_usart.o
    0x0800161e   0x0000004a   Code   RO         1780    i.USART_ITConfig    stm32f10x_usart.o
    0x08001668   0x000000d8   Code   RO         1781    i.USART_Init        stm32f10x_usart.o
    0x08001740   0x0000000a   Code   RO         1788    i.USART_ReceiveData  stm32f10x_usart.o
    0x0800174a   0x00000008   Code   RO         1791    i.USART_SendData    stm32f10x_usart.o
    0x08001752   0x00000002   PAD
    0x08001754   0x00000058   Code   RO          740    i.Uart_DmaSend      uart.o
    0x080017ac   0x00000014   Code   RO          741    i.Uart_Flush        uart.o
    0x080017c0   0x000000e4   Code   RO          742    i.Uart_Init         uart.o
    0x080018a4   0x00000040   Code   RO          743    i.Uart_Read         uart.o
    0x080018e4   0x000000c8   Code   RO            2    i.UnderarmPos       main.o
    0x080019ac   0x000001b4   Code   RO          445    i.UnderarmPosPlan   invers_kinematic.o
    0x08001b60   0x000001b4   Code   RO          446    i.UpPlan            invers_kinematic.o
    0x08001d14   0x000000c8   Code   RO            3    i.UpPos             main.o
    0x08001ddc   0x00000004   Code   RO          373    i.UsageFault_Handler  stm32f10x_it.o
    0x08001de0   0x00000028   Code   RO         6459    i.__ARM_fpclassify  m_ws.l(fpclassify.o)
    0x08001e08   0x00000388   Code   RO         6464    i.__ieee754_rem_pio2  m_ws.l(rred.o)
    0x08002190   0x000000fc   Code   RO         6442    i.__kernel_cos      m_ws.l(cos_i.o)
    0x0800228c   0x000000aa   Code   RO         6461    i.__kernel_poly     m_ws.l(poly.o)
    0x08002336   0x00000002   PAD
    0x08002338   0x000000ec   Code   RO         6469    i.__kernel_sin      m_ws.l(sin_i.o)
    0x08002424   0x00000010   Code   RO         6445    i.__mathlib_dbl_divzero  m_ws.l(dunder.o)
    0x08002434   0x00000006   Code   RO         6446    i.__mathlib_dbl_infnan  m_ws.l(dunder.o)
    0x0800243a   0x00000004   Code   RO         6447    i.__mathlib_dbl_infnan2  m_ws.l(dunder.o)
    0x0800243e   0x0000000c   Code   RO         6448    i.__mathlib_dbl_invalid  m_ws.l(dunder.o)
    0x0800244a   0x0000000e   Code   RO         6449    i.__mathlib_dbl_overflow  m_ws.l(dunder.o)
    0x08002458   0x00000010   Code   RO         6451    i.__mathlib_dbl_underflow  m_ws.l(dunder.o)
    0x08002468   0x0000000e   Code   RO         6225    i._is_digit         c_w.l(__printf_wp.o)
    0x08002476   0x00000002   PAD
    0x08002478   0x0000027c   Code   RO         6326    i.acos              m_ws.l(acos.o)
    0x080026f4   0x0000008c   Code   RO          447    i.angle2posi        invers_kinematic.o
    0x08002780   0x00000270   Code   RO         6336    i.asin              m_ws.l(asin.o)
    0x080029f0   0x00000220   Code   RO         6346    i.atan              m_ws.l(atan.o)
    0x08002c10   0x00000180   Code   RO         6356    i.atan2             m_ws.l(atan2.o)
    0x08002d90   0x0000009c   Code   RO         6364    i.cos               m_ws.l(cos.o)
    0x08002e2c   0x00000016   Code   RO          780    i.delay             wiring.o
    0x08002e42   0x00000002   PAD
    0x08002e44   0x0000004c   Code   RO         4700    i.delay_us          systick.o
    0x08002e90   0x00000358   Code   RO          449    i.fkine             invers_kinematic.o
    0x080031e8   0x00000008   Code   RO          712    i.flushSCS          smserail.o
    0x080031f0   0x0000046e   Code   RO          450    i.ikine             invers_kinematic.o
    0x0800365e   0x00000002   PAD
    0x08003660   0x000000dc   Code   RO            6    i.initPos           main.o
    0x0800373c   0x00000098   Code   RO            7    i.initSys           main.o
    0x080037d4   0x000001c4   Code   RO          451    i.initial_traj_plan  invers_kinematic.o
    0x08003998   0x00000024   Code   RO            9    i.main              main.o
    0x080039bc   0x0000000c   Code   RO          781    i.millis            wiring.o
    0x080039c8   0x000009b8   Code   RO         6372    i.pow               m_ws.l(pow.o)
    0x08004380   0x00000050   Code   RO          713    i.readSCS           smserail.o
    0x080043d0   0x00000020   Code   RO           11    i.setup             main.o
    0x080043f0   0x000000a0   Code   RO         6382    i.sin               m_ws.l(sin.o)
    0x08004490   0x0000004c   Code   RO         6390    i.sqrt              m_ws.l(sqrt.o)
    0x080044dc   0x00000092   Code   RO          512    i.writeBuf          sms.o
    0x0800456e   0x00000052   Code   RO          605    i.writePos          smscl.o
    0x080045c0   0x00000012   Code   RO          714    i.writeSCS          smserail.o
    0x080045d2   0x00000002   PAD
    0x080045d4   0x00000062   Code   RO         6265    x$fpl$d2f           fz_ws.l(d2f.o)
    0x08004636   0x00000002   PAD
    0x08004638   0x00000150   Code   RO         6267    x$fpl$dadd          fz_ws.l(daddsub_clz.o)
    0x08004788   0x00000010   Code   RO         6507    x$fpl$dcheck1       fz_ws.l(dcheck1.o)
    0x08004798   0x00000018   Code   RO         6423    x$fpl$dcmpinf       fz_ws.l(dcmpi.o)
    0x080047b0   0x000002b0   Code   RO         6274    x$fpl$ddiv          fz_ws.l(ddiv.o)
    0x08004a60   0x0000005e   Code   RO         6277    x$fpl$dfix          fz_ws.l(dfix.o)
    0x08004abe   0x00000002   PAD
    0x08004ac0   0x0000005a   Code   RO         6281    x$fpl$dfixu         fz_ws.l(dfixu.o)
    0x08004b1a   0x0000002e   Code   RO         6286    x$fpl$dflt          fz_ws.l(dflt_clz.o)
    0x08004b48   0x00000026   Code   RO         6285    x$fpl$dfltu         fz_ws.l(dflt_clz.o)
    0x08004b6e   0x00000002   PAD
    0x08004b70   0x00000078   Code   RO         6291    x$fpl$dleqf         fz_ws.l(dleqf.o)
    0x08004be8   0x00000154   Code   RO         6293    x$fpl$dmul          fz_ws.l(dmul.o)
    0x08004d3c   0x0000009c   Code   RO         6425    x$fpl$dnaninf       fz_ws.l(dnaninf.o)
    0x08004dd8   0x0000000c   Code   RO         6427    x$fpl$dretinf       fz_ws.l(dretinf.o)
    0x08004de4   0x0000006c   Code   RO         6429    x$fpl$drleqf        fz_ws.l(drleqf.o)
    0x08004e50   0x00000016   Code   RO         6268    x$fpl$drsb          fz_ws.l(daddsub_clz.o)
    0x08004e66   0x00000002   PAD
    0x08004e68   0x000001cc   Code   RO         6431    x$fpl$dsqrt         fz_ws.l(dsqrt_noumaal.o)
    0x08005034   0x000001d4   Code   RO         6269    x$fpl$dsub          fz_ws.l(daddsub_clz.o)
    0x08005208   0x00000056   Code   RO         6295    x$fpl$f2d           fz_ws.l(f2d.o)
    0x0800525e   0x00000002   PAD
    0x08005260   0x000000c4   Code   RO         6297    x$fpl$fadd          fz_ws.l(faddsub_clz.o)
    0x08005324   0x00000018   Code   RO         6433    x$fpl$fcmpinf       fz_ws.l(fcmpi.o)
    0x0800533c   0x00000030   Code   RO         6316    x$fpl$fflt          fz_ws.l(fflt_clz.o)
    0x0800536c   0x00000026   Code   RO         6315    x$fpl$ffltu         fz_ws.l(fflt_clz.o)
    0x08005392   0x00000002   PAD
    0x08005394   0x00000068   Code   RO         6321    x$fpl$fleqf         fz_ws.l(fleqf.o)
    0x080053fc   0x00000102   Code   RO         6323    x$fpl$fmul          fz_ws.l(fmul.o)
    0x080054fe   0x0000008c   Code   RO         6435    x$fpl$fnaninf       fz_ws.l(fnaninf.o)
    0x0800558a   0x0000000a   Code   RO         6437    x$fpl$fretinf       fz_ws.l(fretinf.o)
    0x08005594   0x00000014   Code   RO         6298    x$fpl$frsb          fz_ws.l(faddsub_clz.o)
    0x080055a8   0x000000ea   Code   RO         6299    x$fpl$fsub          fz_ws.l(faddsub_clz.o)
    0x08005692   0x00000064   Code   RO         6660    x$fpl$retnan        fz_ws.l(retnan.o)
    0x080056f6   0x0000005c   Code   RO         6439    x$fpl$scalbn        fz_ws.l(scalbn.o)
    0x08005752   0x00000030   Code   RO         6708    x$fpl$trapveneer    fz_ws.l(trapv.o)
    0x08005782   0x00000000   Code   RO         6441    x$fpl$usenofp       fz_ws.l(usenofp.o)
    0x08005782   0x00001be6   Data   RO         3331    .constdata          tftlcd.o
    0x08007368   0x00000018   Data   RO         4052    .constdata          rtc.o
    0x08007380   0x00000050   Data   RO         6327    .constdata          m_ws.l(acos.o)
    0x080073d0   0x00000050   Data   RO         6337    .constdata          m_ws.l(asin.o)
    0x08007420   0x00000098   Data   RO         6347    .constdata          m_ws.l(atan.o)
    0x080074b8   0x00000088   Data   RO         6373    .constdata          m_ws.l(pow.o)
    0x08007540   0x00000030   Data   RO         6443    .constdata          m_ws.l(cos_i.o)
    0x08007570   0x00000008   Data   RO         6463    .constdata          m_ws.l(qnan.o)
    0x08007578   0x000000c8   Data   RO         6466    .constdata          m_ws.l(rred.o)
    0x08007640   0x00000028   Data   RO         6470    .constdata          m_ws.l(sin_i.o)
    0x08007668   0x00000020   Data   RO         6781    Region$$Table       anon$$obj.o


    Execution Region RW_IRAM1 (Base: 0x20000000, Size: 0x00000fa0, Max: 0x00010000, ABSOLUTE, COMPRESSED[0x00000144])

    Base Addr    Size         Type   Attr      Idx    E Section Name        Object

    0x20000000   0x00000001   Data   RW           14    .data               main.o
    0x20000001   0x00000003   PAD
    0x20000004   0x0000039c   Data   RW          454    .data               invers_kinematic.o
    0x200003a0   0x00000002   Data   RW          515    .data               sms.o
    0x200003a2   0x00000002   PAD
    0x200003a4   0x00000004   Data   RW          715    .data               smserail.o
    0x200003a8   0x00000008   Data   RW          745    .data               uart.o
    0x200003b0   0x00000004   Data   RW          782    .data               wiring.o
    0x200003b4   0x00000014   Data   RW          964    .data               stm32f10x_rcc.o
    0x200003c8   0x00000014   Data   RW         3243    .data               system_stm32f10x.o
    0x200003dc   0x0000000c   Data   RW         3332    .data               tftlcd.o
    0x200003e8   0x00000007   Data   RW         3798    .data               gui.o
    0x200003ef   0x00000001   PAD
    0x200003f0   0x00000002   Data   RW         4053    .data               rtc.o
    0x200003f2   0x00000002   PAD
    0x200003f4   0x00000005   Data   RW         4274    .data               hwjs.o
    0x200003f9   0x00000003   PAD
    0x200003fc   0x00000008   Data   RW         4642    .data               time.o
    0x20000404   0x00000004   Data   RW         4701    .data               systick.o
    0x20000408   0x00000002   Data   RW         4737    .data               usart.o
    0x2000040a   0x00000002   PAD
    0x2000040c   0x00000060   Zero   RW          453    .bss                invers_kinematic.o
    0x2000046c   0x00000080   Zero   RW          744    .bss                uart.o
    0x200004ec   0x00000032   Zero   RW         4051    .bss                rtc.o
    0x2000051e   0x0000001e   Zero   RW         4735    .bss                usart.o
    0x2000053c   0x00000060   Zero   RW         6515    .bss                c_w.l(libspace.o)
    0x2000059c   0x00000004   PAD
    0x200005a0   0x00000200   Zero   RW          807    HEAP                startup_stm32f10x_hd.o
    0x200007a0   0x00000800   Zero   RW          806    STACK               startup_stm32f10x_hd.o



  Load Region LR$$.ARM.__AT_0x68000000 (Base: 0x68000000, Size: 0x00000000, Max: 0x000f0000, ABSOLUTE)

    Execution Region ER$$.ARM.__AT_0x68000000 (Base: 0x68000000, Size: 0x000f0000, Max: 0x000f0000, ABSOLUTE, UNINIT)

    Base Addr    Size         Type   Attr      Idx    E Section Name        Object

    0x68000000   0x000f0000   Zero   RW         4804    .ARM.__AT_0x68000000  malloc.o



  Load Region LR$$.ARM.__AT_0x680F0000 (Base: 0x680f0000, Size: 0x00000000, Max: 0x0000f000, ABSOLUTE)

    Execution Region ER$$.ARM.__AT_0x680F0000 (Base: 0x680f0000, Size: 0x0000f000, Max: 0x0000f000, ABSOLUTE, UNINIT)

    Base Addr    Size         Type   Attr      Idx    E Section Name        Object

    0x680f0000   0x0000f000   Zero   RW         4805    .ARM.__AT_0x680F0000  malloc.o


==============================================================================

Image component sizes


      Code (inc. data)   RO Data    RW Data    ZI Data      Debug   Object Name

         0          0          0          7          0       1419   gui.o
       576         68          0          5          0       3532   hwjs.o
      3454        148          0        924         96       5999   invers_kinematic.o
       840         44          0          1          0     297809   main.o
         0          0          0          0    1044480       1712   malloc.o
       172         22          0          0          0       2417   misc.o
       698         84         24          2         50       3849   rtc.o
       218         12          0          2          0       2608   sms.o
       144          0          0          0          0       1882   smscl.o
       106          6          0          4          0       2080   smserail.o
        64         26        304          0       2560        880   startup_stm32f10x_hd.o
        84          0          0          0          0       3049   stm32f10x_dma.o
       160         12          0          0          0       1773   stm32f10x_exti.o
       360          4          0          0          0       3542   stm32f10x_gpio.o
        24          0          0          0          0     208712   stm32f10x_it.o
       308         38          0         20          0       5522   stm32f10x_rcc.o
        92         16          0          0          0       2405   stm32f10x_rtc.o
        40          0          0          0          0       2018   stm32f10x_tim.o
       478          6          0          0          0       8130   stm32f10x_usart.o
       328         28          0         20          0       2489   system_stm32f10x.o
       136         12          0          4          0       1338   systick.o
       658         46       7142         12          0       7010   tftlcd.o
        96         22          0          8          0       1813   time.o
       448         54          0          8        128       3535   uart.o
       196         20          0          2         30       2172   usart.o
        66         10          0          4          0       2054   wiring.o

    ----------------------------------------------------------------------
      9764        678       7502       1036    1047344     579749   Object Totals
         0          0         32          0          0          0   (incl. Generated)
        18          0          0         13          0          0   (incl. Padding)

    ----------------------------------------------------------------------

      Code (inc. data)   RO Data    RW Data    ZI Data      Debug   Library Member Name

        44          6          0          0          0         84   __2sprintf.o
       100          0          0          0          0          0   __dclz77c.o
         8          0          0          0          0         68   __main.o
       284          0          0          0          0        156   __printf_wp.o
         0          0          0          0          0          0   __rtentry.o
        12          0          0          0          0          0   __rtentry2.o
         6          0          0          0          0          0   __rtentry4.o
        52          8          0          0          0          0   __scatter.o
        28          0          0          0          0          0   __scatter_zi.o
        48          6          0          0          0         96   _printf_char_common.o
         6          0          0          0          0          0   _printf_d.o
       120         16          0          0          0         92   _printf_dec.o
       178          0          0          0          0         88   _printf_intcommon.o
         0          0          0          0          0          0   _printf_percent.o
         4          0          0          0          0          0   _printf_percent_end.o
        22          0          0          0          0        100   _rserrno.o
        10          0          0          0          0         68   _sputc.o
        12          0          0          0          0         72   exit.o
         6          0          0          0          0        152   heapauxi.o
         0          0          0          0          0          0   indicate_semi.o
         2          0          0          0          0          0   libinit.o
         2          0          0          0          0          0   libinit2.o
         2          0          0          0          0          0   libshutdown.o
         2          0          0          0          0          0   libshutdown2.o
         8          4          0          0         96         68   libspace.o
         8          4          0          0          0         68   rt_errno_addr_intlibspace.o
         2          0          0          0          0          0   rtexit.o
        10          0          0          0          0          0   rtexit2.o
        12          4          0          0          0         68   sys_exit.o
        74          0          0          0          0         80   sys_stackheap_outer.o
         2          0          0          0          0         68   use_no_semi.o
        98          4          0          0          0         92   d2f.o
       826         16          0          0          0        348   daddsub_clz.o
        16          4          0          0          0         68   dcheck1.o
        24          0          0          0          0         68   dcmpi.o
       688        140          0          0          0        208   ddiv.o
        94          4          0          0          0         92   dfix.o
        90          4          0          0          0         92   dfixu.o
        84          0          0          0          0        136   dflt_clz.o
       120          4          0          0          0         92   dleqf.o
       340         12          0          0          0        104   dmul.o
       156          4          0          0          0         92   dnaninf.o
        12          0          0          0          0         68   dretinf.o
       108          0          0          0          0         80   drleqf.o
       460         56          0          0          0        120   dsqrt_noumaal.o
        86          4          0          0          0         84   f2d.o
       450          8          0          0          0        236   faddsub_clz.o
        24          0          0          0          0         68   fcmpi.o
        86          0          0          0          0        136   fflt_clz.o
       104          4          0          0          0         84   fleqf.o
       258          4          0          0          0         84   fmul.o
       140          4          0          0          0         84   fnaninf.o
        10          0          0          0          0         68   fretinf.o
       100          0          0          0          0         68   retnan.o
        92          0          0          0          0         68   scalbn.o
        48          0          0          0          0         68   trapv.o
         0          0          0          0          0          0   usenofp.o
       636         62         80          0          0        188   acos.o
       624         52         80          0          0        168   asin.o
       544         70        152          0          0        124   atan.o
       384         38          0          0          0        144   atan2.o
       156          8          0          0          0        104   cos.o
       252         22         48          0          0        124   cos_i.o
        68         10          0          0          0        408   dunder.o
        40          0          0          0          0         68   fpclassify.o
       170          0          0          0          0         96   poly.o
      2488        190        136          0          0        300   pow.o
         0          0          8          0          0          0   qnan.o
       904         76        200          0          0        140   rred.o
       160         10          0          0          0        108   sin.o
       236         12         40          0          0        128   sin_i.o
        76          0          0          0          0         84   sqrt.o

    ----------------------------------------------------------------------
     12334        870        744          0        100       6220   Library Totals
        18          0          0          0          4          0   (incl. Padding)

    ----------------------------------------------------------------------

      Code (inc. data)   RO Data    RW Data    ZI Data      Debug   Library Name

      1064         48          0          0         96       1328   c_w.l
      4514        272          0          0          0       2708   fz_ws.l
      6738        550        744          0          0       2184   m_ws.l

    ----------------------------------------------------------------------
     12334        870        744          0        100       6220   Library Totals

    ----------------------------------------------------------------------

==============================================================================


      Code (inc. data)   RO Data    RW Data    ZI Data      Debug   

     22098       1548       8246       1036    1047444     578217   Grand Totals
     22098       1548       8246        324    1047444     578217   ELF Image Totals (compressed)
     22098       1548       8246        324          0          0   ROM Totals

==============================================================================

    Total RO  Size (Code + RO Data)                30344 (  29.63kB)
    Total RW  Size (RW Data + ZI Data)           1048480 (1023.91kB)
    Total ROM Size (Code + RO Data + RW Data)      30668 (  29.95kB)

==============================================================================

