C51 COMPILER V9.00   DIGIT                                                                 05/24/2017 16:00:00 PAGE 1   


C51 COMPILER V9.00, COMPILATION OF MODULE DIGIT
OBJECT MODULE PLACED IN .\output\digit.obj
COMPILER INVOKED BY: C:\keil4\C51\BIN\C51.EXE hardware\digit.c BROWSE INCDIR(.\user;.\hardware\driver;.\hardware) DEBUG 
                    -OBJECTEXTEND PRINT(.\listing\digit.lst) OBJECT(.\output\digit.obj)

line level    source

   1          #include "digit.h"
   2          
   3          uchar code tab[]={0xc0,0xf9,0xa4,0xb0,0x99,0x92,0x82,0xf8,0x80,0x90,0xbf,0xff};
   4          
   5          /*********************************************/
   6          void Digit_H(uchar a,uchar b,uchar c,uchar d)
   7          {
   8   1              P2=0xe0;
   9   1              P0=tab[a];
  10   1              P2=0xc0;
  11   1              P0=0x01;
  12   1              Delay1ms();
  13   1              
  14   1              P2=0xe0;
  15   1              P0=tab[b];
  16   1              P2=0xc0;
  17   1              P0=0x02;
  18   1              Delay1ms();
  19   1              
  20   1              P2=0xe0;
  21   1              P0=tab[c];
  22   1              P2=0xc0;
  23   1              P0=0x04;
  24   1              Delay1ms();     
  25   1      
  26   1              P2=0xe0;        
  27   1              P0=tab[d];
  28   1              P2=0xc0;
  29   1              P0=0x08;
  30   1              Delay1ms();                     
  31   1      }
  32          /**********************************************/
  33          void Digit_L(uchar a,uchar b,uchar c,uchar d)
  34          {
  35   1              P2=0xe0;
  36   1              P0=tab[a];
  37   1              P2=0xc0;
  38   1              P0=0x10;
  39   1              Delay1ms();
  40   1              
  41   1              P2=0xe0;
  42   1              P0=tab[b];
  43   1              P2=0xc0;
  44   1              P0=0x20;
  45   1              Delay1ms();
  46   1              
  47   1              P2=0xe0;
  48   1              P0=tab[c];
  49   1              P2=0xc0;
  50   1              P0=0x40;
  51   1              Delay1ms();     
  52   1      
  53   1              P2=0xe0;        
  54   1              P0=tab[d];
C51 COMPILER V9.00   DIGIT                                                                 05/24/2017 16:00:00 PAGE 2   

  55   1              P2=0xc0;
  56   1              P0=0x80;
  57   1              Delay1ms();                     
  58   1      }
  59          /**********************************************/
  60          static void Delay1ms()          //@11.0592MHz
  61          {
  62   1              unsigned char i, j;
  63   1      
  64   1              i = 11;
  65   1              j = 190;
  66   1              do
  67   1              {
  68   2                      while (--j);
  69   2              } while (--i);
  70   1      }
  71          
  72          
  73          
  74          
  75          
  76          
  77          
  78          
  79          
  80          
  81          


MODULE INFORMATION:   STATIC OVERLAYABLE
   CODE SIZE        =    175    ----
   CONSTANT SIZE    =     12    ----
   XDATA SIZE       =   ----    ----
   PDATA SIZE       =   ----    ----
   DATA SIZE        =   ----       8
   IDATA SIZE       =   ----    ----
   BIT SIZE         =   ----    ----
END OF MODULE INFORMATION.


C51 COMPILATION COMPLETE.  0 WARNING(S),  0 ERROR(S)
